C51 COMPILER V9.56.0.0   CARCTL                                                            03/17/2019 14:30:48 PAGE 1   


C51 COMPILER V9.56.0.0, COMPILATION OF MODULE CARCTL
OBJECT MODULE PLACED IN .\list\carCtl.obj
COMPILER INVOKED BY: E:\keil_c51\C51\BIN\C51.EXE hal\carCtl.c LARGE OPTIMIZE(9,SPEED) BROWSE DEBUG OBJECTEXTEND PRINT(.\
                    -list\carCtl.lst) TABS(2) OBJECT(.\list\carCtl.obj)

line level    source

   1          #include "carCtl.h"
   2          #include "motor.h"
   3          
   4          void carInit()
   5          {
   6   1        s_MotorParam motors;
   7   1        motors.MotorNum = MAX_MOTOR;
   8   1        motors.Motor[MOTOR_LEFT].MotorPinLeft = MOTOR_LEFT_PIN_LEFT;
   9   1        motors.Motor[MOTOR_LEFT].MotorPinRight = MOTOR_LEFT_PIN_RIGHT;
  10   1        motors.Motor[MOTOR_RIGHT].MotorPinLeft = MOTOR_RIGHT_PIN_LEFT;
  11   1        motors.Motor[MOTOR_RIGHT].MotorPinRight = MOTOR_RIGHT_PIN_RIGHT;
  12   1        initMotors(&motors);
  13   1        
  14   1      }
  15          
  16          void carForward()
  17          {
  18   1        SetMotorSatus(MOTOR_LEFT, MOTOR_CLOCKWISE);
  19   1        SetMotorSatus(MOTOR_RIGHT, MOTOR_CLOCKWISE);
  20   1      }
  21          
  22          void carBack()
  23          {
  24   1        SetMotorSatus(MOTOR_LEFT, MOTOR_ANTICLOCKWISE);
  25   1        SetMotorSatus(MOTOR_RIGHT, MOTOR_ANTICLOCKWISE);
  26   1      }
  27          
  28          void carStop()
  29          {
  30   1        SetMotorSatus(MOTOR_LEFT, MOTOR_STOP);
  31   1        SetMotorSatus(MOTOR_RIGHT, MOTOR_STOP);
  32   1        
  33   1      }
  34          
  35          void carTurnLeft()
  36          {
  37   1         SetMotorSatus(MOTOR_LEFT, MOTOR_CLOCKWISE);
  38   1         SetMotorSatus(MOTOR_RIGHT, MOTOR_ANTICLOCKWISE);
  39   1        
  40   1      }
  41          
  42          void carTurnRight()
  43          {
  44   1         SetMotorSatus(MOTOR_LEFT, MOTOR_ANTICLOCKWISE);
  45   1         SetMotorSatus(MOTOR_RIGHT, MOTOR_CLOCKWISE);
  46   1        
  47   1      }


MODULE INFORMATION:   STATIC OVERLAYABLE
   CODE SIZE        =     98    ----
   CONSTANT SIZE    =   ----    ----
   XDATA SIZE       =   ----       5
   PDATA SIZE       =   ----    ----
C51 COMPILER V9.56.0.0   CARCTL                                                            03/17/2019 14:30:48 PAGE 2   

   DATA SIZE        =   ----    ----
   IDATA SIZE       =   ----    ----
   BIT SIZE         =   ----    ----
END OF MODULE INFORMATION.


C51 COMPILATION COMPLETE.  0 WARNING(S),  0 ERROR(S)
