BL51 BANKED LINKER/LOCATER V6.22                                                        03/25/2019  21:43:25  PAGE 1


BL51 BANKED LINKER/LOCATER V6.22, INVOKED BY:
E:\KEIL_C51\C51\BIN\BL51.EXE .\list\main.obj, .\list\carCtl.obj, .\list\ir.obj, .\list\motor.obj, .\list\pinCtl.obj, .\l
>> ist\servoCommon.obj, .\list\tailCtl.obj, .\list\wifi.obj, .\list\timer.obj, .\list\serial.obj, .\list\wifi_esp8266.ob
>> j, .\list\hw_gpioCtl51.obj, .\list\hw_pwm.obj, .\list\hw_serial.obj, .\list\hw_timer.obj, .\list\delay.obj TO .\list\
>> catCar PRINT (.\list\catCar.m51) RAMSIZE (256)


MEMORY MODEL: LARGE


INPUT MODULES INCLUDED:
  .\list\main.obj (MAIN)
  .\list\carCtl.obj (CARCTL)
  .\list\ir.obj (IR)
  .\list\motor.obj (MOTOR)
  .\list\pinCtl.obj (PINCTL)
  .\list\servoCommon.obj (SERVOCOMMON)
  .\list\tailCtl.obj (TAILCTL)
  .\list\wifi.obj (WIFI)
  .\list\timer.obj (TIMER)
  .\list\serial.obj (SERIAL)
  .\list\wifi_esp8266.obj (WIFI_ESP8266)
  .\list\hw_gpioCtl51.obj (HW_GPIOCTL51)
  .\list\hw_pwm.obj (HW_PWM)
  .\list\hw_serial.obj (HW_SERIAL)
  .\list\hw_timer.obj (HW_TIMER)
  .\list\delay.obj (DELAY)
  E:\KEIL_C51\C51\LIB\C51L.LIB (?C_STARTUP)
  E:\KEIL_C51\C51\LIB\C51L.LIB (?C?COPY)
  E:\KEIL_C51\C51\LIB\C51L.LIB (?C?CLDPTR)
  E:\KEIL_C51\C51\LIB\C51L.LIB (?C?CLDOPTR)
  E:\KEIL_C51\C51\LIB\C51L.LIB (?C?UIDIV)
  E:\KEIL_C51\C51\LIB\C51L.LIB (?C?SIDIV)
  E:\KEIL_C51\C51\LIB\C51L.LIB (?C?IILDX)
  E:\KEIL_C51\C51\LIB\C51L.LIB (?C?ILDOPTR)
  E:\KEIL_C51\C51\LIB\C51L.LIB (?C?ULDIV)
  E:\KEIL_C51\C51\LIB\C51L.LIB (?C?ULCMP)
  E:\KEIL_C51\C51\LIB\C51L.LIB (?C?ULSHR)
  E:\KEIL_C51\C51\LIB\C51L.LIB (?C?LLDOPTR0)
  E:\KEIL_C51\C51\LIB\C51L.LIB (?C?LSTXDATA)
  E:\KEIL_C51\C51\LIB\C51L.LIB (?C?LSTKXDATA)
  E:\KEIL_C51\C51\LIB\C51L.LIB (?C?ICALL)
  E:\KEIL_C51\C51\LIB\C51L.LIB (PRINTF)
  E:\KEIL_C51\C51\LIB\C51L.LIB (?C_INIT)
  E:\KEIL_C51\C51\LIB\C51L.LIB (?C?CSTPTR)
  E:\KEIL_C51\C51\LIB\C51L.LIB (?C?LLDIDATA0)
  E:\KEIL_C51\C51\LIB\C51L.LIB (?C?LLDXDATA0)
  E:\KEIL_C51\C51\LIB\C51L.LIB (?C?LLDPDATA0)
  E:\KEIL_C51\C51\LIB\C51L.LIB (?C?LLDCODE0)
  E:\KEIL_C51\C51\LIB\C51L.LIB (?C?PLDIXDATA)
  E:\KEIL_C51\C51\LIB\C51L.LIB (?C?PSTXDATA)
  E:\KEIL_C51\C51\LIB\C51L.LIB (?C?CCASE)


LINK MAP OF MODULE:  .\list\catCar (MAIN)


            TYPE    BASE      LENGTH    RELOCATION   SEGMENT NAME
BL51 BANKED LINKER/LOCATER V6.22                                                      03/25/2019  21:43:25  PAGE 2


            -----------------------------------------------------

            * * * * * * *   D A T A   M E M O R Y   * * * * * * *
            REG     0000H     0008H     ABSOLUTE     "REG BANK 0"
            DATA    0008H     0005H     UNIT         _DATA_GROUP_
                    000DH     0013H                  *** GAP ***
            BIT     0020H.0   0001H.1   UNIT         _BIT_GROUP_
            BIT     0021H.1   0000H.1   UNIT         ?BI?HW_SERIAL
                    0021H.2   0000H.6                *** GAP ***
            IDATA   0022H     0050H     UNIT         ?ID?HW_SERIAL
            IDATA   0072H     0001H     UNIT         ?STACK

            * * * * * * *  X D A T A   M E M O R Y  * * * * * * *
            XDATA   0000H     0110H     UNIT         ?XD?HW_SERIAL
            XDATA   0110H     0060H     UNIT         _XDATA_GROUP_
            XDATA   0170H     0033H     UNIT         ?XD?TIMER
            XDATA   01A3H     001CH     UNIT         ?XD?SERIAL
            XDATA   01BFH     000EH     UNIT         ?XD?MAIN
            XDATA   01CDH     000EH     UNIT         ?XD?WIFI_ESP8266
            XDATA   01DBH     000DH     UNIT         ?XD?SERVOCOMMON
            XDATA   01E8H     000AH     UNIT         ?XD?HW_PWM
            XDATA   01F2H     000AH     UNIT         ?XD?_HW_SERIALREAD?HW_SERIAL
            XDATA   01FCH     0009H     UNIT         ?XD?_SERVOATTACH?SERVOCOMMON
            XDATA   0205H     0008H     UNIT         ?XD?_SERIALREAD?SERIAL
            XDATA   020DH     0008H     UNIT         ?XD?_SERIALWRITE?SERIAL
            XDATA   0215H     0006H     UNIT         ?XD?_UART2_CONFIG?HW_SERIAL
            XDATA   021BH     0006H     UNIT         ?XD?_HW_SERIALWRITE?HW_SERIAL
            XDATA   0221H     0005H     UNIT         ?XD?CARINIT?CARCTL
            XDATA   0226H     0005H     UNIT         ?XD?_INITIR?IR
            XDATA   022BH     0005H     UNIT         ?XD?MOTOR
            XDATA   0230H     0004H     UNIT         ?XD?_INITMOTORS?MOTOR
            XDATA   0234H     0004H     UNIT         ?XD?_REGISTSERIALCBFUN?SERIAL
            XDATA   0238H     0004H     UNIT         ?XD?_INITSERIAX?SERIAL
            XDATA   023CH     0003H     UNIT         ?XD?IR
            XDATA   023FH     0003H     UNIT         ?XD?_ANALOGWRITE_COMMON?PINCTL
            XDATA   0242H     0001H     UNIT         ?XD?_SETMOTORSATUS?MOTOR
            XDATA   0243H     0001H     UNIT         ?XD?_TESTTIMERCB?SERVOCOMMON
            XDATA   0244H     0001H     UNIT         ?XD?_TIMERXSTART?TIMER
            XDATA   0245H     0001H     UNIT         ?XD?_TIMERXRELOAD?TIMER
            XDATA   0246H     0001H     UNIT         ?XD?_UNREGISTSERIALCBFUN?SERIAL
            XDATA   0247H     0001H     UNIT         ?XD?_UNINITSERIAX?SERIAL

            * * * * * * *   C O D E   M E M O R Y   * * * * * * *
            CODE    0000H     0003H     ABSOLUTE     
            CODE    0003H     0008H     UNIT         ?PR?SERVOATTACHEDPIN?SERVOCOMMON
            CODE    000BH     0003H     ABSOLUTE     
            CODE    000EH     000DH     UNIT         ?PR?CARSTOP?CARCTL
            CODE    001BH     0003H     ABSOLUTE     
            CODE    001EH     0005H     UNIT         ?PR?_TAILACT?MAIN
            CODE    0023H     0003H     ABSOLUTE     
            CODE    0026H     001BH     UNIT         ?PR?_TIMERXSTART?TIMER
                    0041H     0002H                  *** GAP ***
            CODE    0043H     0003H     ABSOLUTE     
            CODE    0046H     001AH     UNIT         ?PR?SERIAL
            CODE    0060H     0003H     UNIT         ?PR?_DIGITALWRITE_COMMON?PINCTL
            CODE    0063H     0003H     ABSOLUTE     
            CODE    0066H     0032H     UNIT         ?PR?_TIMERREGIST?TIMER
BL51 BANKED LINKER/LOCATER V6.22                                                      03/25/2019  21:43:25  PAGE 3


            CODE    0098H     0003H     UNIT         ?PR?_SERVOWRITEMICROSECONDS?SERVOCOMMON
            CODE    009BH     0003H     ABSOLUTE     
            CODE    009EH     0004H     UNIT         ?PR?_DIGITALREAD_COMMON?PINCTL
                    00A2H     0001H                  *** GAP ***
            CODE    00A3H     0003H     ABSOLUTE     
            CODE    00A6H     0408H     UNIT         ?C?LIB_CODE
            CODE    04AEH     0365H     UNIT         ?PR?PRINTF?PRINTF
            CODE    0813H     025FH     UNIT         ?PR?_GPIO_INILIZE?HW_GPIOCTL51
            CODE    0A72H     0223H     UNIT         ?PR?_USART_CONFIGURATION?HW_SERIAL
            CODE    0C95H     0156H     UNIT         ?PR?_TIMER_INILIZE?HW_TIMER
            CODE    0DEBH     00FAH     UNIT         ?PR?HW_SERIAL
            CODE    0EE5H     00BFH     UNIT         ?PR?_INITMOTORS?MOTOR
            CODE    0FA4H     00A5H     UNIT         ?PR?_HW_GPIO_DIGITALWRITE?HW_GPIOCTL51
            CODE    1049H     00A2H     UNIT         ?PR?_TIMERCBFUNEXCE?TIMER
            CODE    10EBH     009AH     UNIT         ?PR?_INITIR?IR
            CODE    1185H     0091H     UNIT         ?PR?_SERVOPWMINTERRUPTPROC?HW_PWM
            CODE    1216H     008CH     UNIT         ?C_C51STARTUP
            CODE    12A2H     0088H     UNIT         ?PR?_HW_GPIO_DIGITALREAD?HW_GPIOCTL51
            CODE    132AH     007EH     UNIT         ?C_INITSEG
            CODE    13A8H     0071H     UNIT         ?PR?UART1_INT?HW_SERIAL
            CODE    1419H     0066H     UNIT         ?PR?_UART2_CONFIG?HW_SERIAL
            CODE    147FH     0063H     UNIT         ?PR?_TESTTIMERCB?SERVOCOMMON
            CODE    14E2H     005FH     UNIT         ?PR?MAIN?MAIN
            CODE    1541H     0059H     UNIT         ?PR?_SERVOATTACH?SERVOCOMMON
            CODE    159AH     0057H     UNIT         ?PR?_REGISTTIMERCBFUN?TIMER
            CODE    15F1H     0056H     UNIT         ?PR?_HW_GPIO_CONFIG?HW_GPIOCTL51
            CODE    1647H     0051H     UNIT         ?PR?_REGISTSERIALCBFUN?SERIAL
            CODE    1698H     0050H     UNIT         ?PR?TIMER
            CODE    16E8H     004FH     UNIT         ?PR?_SETMOTORSATUS?MOTOR
            CODE    1737H     004DH     UNIT         ?PR?_HW_SERIALCONFIG?HW_SERIAL
            CODE    1784H     004CH     UNIT         ?PR?_HW_SERIALREAD?HW_SERIAL
            CODE    17D0H     004CH     UNIT         ?PR?TIME1_INT?HW_TIMER
            CODE    181CH     0045H     UNIT         ?PR?SETUP?MAIN
            CODE    1861H     0045H     UNIT         ?PR?SERVODEFAULTINIT?SERVOCOMMON
            CODE    18A6H     0044H     UNIT         ?PR?_UNREGISTSERIALCBFUN?SERIAL
            CODE    18EAH     0043H     UNIT         ?PR?TIME2_INT?HW_TIMER
            CODE    192DH     0043H     UNIT         ?PR?TIME3_INT?HW_TIMER
            CODE    1970H     0043H     UNIT         ?PR?TIME4_INT?HW_TIMER
            CODE    19B3H     0042H     UNIT         ?PR?_UNREGISTTIMERCBFUN?TIMER
            CODE    19F5H     0041H     UNIT         ?PR?_UARTCMDPROC?HW_PWM
            CODE    1A36H     0040H     UNIT         ?PR?UART2_INT?HW_SERIAL
            CODE    1A76H     003DH     UNIT         ?PR?TIME0_INT?HW_TIMER
            CODE    1AB3H     0038H     UNIT         ?PR?_HW_SERIALWRITE?HW_SERIAL
            CODE    1AEBH     0030H     UNIT         ?PR?_HW_TIMER_CONFIG?HW_TIMER
            CODE    1B1BH     0028H     UNIT         ?PR?_ANALOGWRITE_COMMON?PINCTL
            CODE    1B43H     0028H     UNIT         ?PR?_SERVOWRITE?SERVOCOMMON
            CODE    1B6BH     0023H     UNIT         ?PR?MOTOR
            CODE    1B8EH     0021H     UNIT         ?PR?HW_TIMER
            CODE    1BAFH     001EH     UNIT         ?PR?CARINIT?CARCTL
            CODE    1BCDH     001EH     UNIT         ?PR?_TX1_WRITE2BUFF?HW_SERIAL
            CODE    1BEBH     001AH     UNIT         ?PR?HW_GPIOCTL51
            CODE    1C05H     0018H     UNIT         ?PR?_SETTIMER2BAUDRAYE?HW_SERIAL
            CODE    1C1DH     0016H     UNIT         ?PR?_PRINTSTRING2?HW_SERIAL
            CODE    1C33H     0015H     UNIT         ?PR?SERVOCOMMON
            CODE    1C48H     0015H     UNIT         ?PR?_TIMERXRELOAD?TIMER
            CODE    1C5DH     0015H     UNIT         ?CO?HW_TIMER
            CODE    1C72H     0013H     UNIT         ?PR?SERVODETACH?SERVOCOMMON
BL51 BANKED LINKER/LOCATER V6.22                                                      03/25/2019  21:43:25  PAGE 4


            CODE    1C85H     0013H     UNIT         ?CO?SERVOCOMMON
            CODE    1C98H     0013H     UNIT         ?PR?TIMERCBFUNQUEEMPTY?TIMER
            CODE    1CABH     0013H     UNIT         ?PR?TIMERCBFUNQUEFULL?TIMER
            CODE    1CBEH     0013H     UNIT         ?PR?_PRINTSTRING1?HW_SERIAL
            CODE    1CD1H     0012H     UNIT         ?PR?_PINMODE_COMMON?PINCTL
            CODE    1CE3H     0010H     UNIT         ?PR?_GETIRSTARTUS?IR
            CODE    1CF3H     0010H     UNIT         ?PR?SERVOATTACHED?SERVOCOMMON
            CODE    1D03H     0010H     UNIT         ?PR?_DELAY_MS?DELAY
            CODE    1D13H     000EH     UNIT         ?PR?CARFORWARD?CARCTL
            CODE    1D21H     000EH     UNIT         ?PR?CARBACK?CARCTL
            CODE    1D2FH     000EH     UNIT         ?PR?CARTURNLEFT?CARCTL
            CODE    1D3DH     000EH     UNIT         ?PR?CARTURNRIGHT?CARCTL
            CODE    1D4BH     000EH     UNIT         ?PR?_SETSERVOPULSEWIDTH?HW_PWM
            CODE    1D59H     000CH     UNIT         ?PR?IR
            CODE    1D65H     000AH     UNIT         ?CO?MAIN
            CODE    1D6FH     000AH     UNIT         ?PR?_SERIALREAD?SERIAL
            CODE    1D79H     000AH     UNIT         ?PR?_SERIALWRITE?SERIAL
            CODE    1D83H     0009H     UNIT         ?PR?_INITSERIAX?SERIAL
            CODE    1D8CH     0008H     UNIT         ?PR?_UNINITSERIAX?SERIAL
            CODE    1D94H     0008H     UNIT         ?PR?RESETSERVOPULCNT?HW_PWM
            CODE    1D9CH     0007H     UNIT         ?PR?RESETFIELDS?SERVOCOMMON
            CODE    1DA3H     0006H     UNIT         ?PR?_SETSERVOCTLPIN?HW_PWM
            CODE    1DA9H     0006H     UNIT         ?PR?_PUTCHAR?HW_SERIAL
            CODE    1DAFH     0004H     UNIT         ?PR?SERVOREADMICROSECONDS?SERVOCOMMON
            CODE    1DB3H     0004H     UNIT         ?PR?SERVOREAD?SERVOCOMMON



OVERLAY MAP OF MODULE:   .\list\catCar (MAIN)


SEGMENT                                            BIT_GROUP          DATA_GROUP          XDATA_GROUP
  +--> CALLED SEGMENT                           START    LENGTH     START    LENGTH     START    LENGTH
-------------------------------------------------------------------------------------------------------
?PR?TIME0_INT?HW_TIMER                          -----    -----      -----    -----      -----    -----
  +--> ?PR?_SERVOPWMINTERRUPTPROC?HW_PWM

?PR?_SERVOPWMINTERRUPTPROC?HW_PWM               -----    -----      -----    -----      0155H    0001H
  +--> ?PR?_DIGITALWRITE_COMMON?PINCTL

?PR?_DIGITALWRITE_COMMON?PINCTL                 -----    -----      -----    -----      -----    -----
  +--> ?PR?_HW_GPIO_DIGITALWRITE?HW_GPIOCTL51

?PR?_HW_GPIO_DIGITALWRITE?HW_GPIOCTL51          -----    -----      -----    -----      -----    -----
  +--> ?PR?HW_GPIOCTL51

*** NEW ROOT ***************************************************

?PR?TIME1_INT?HW_TIMER                          -----    -----      -----    -----      -----    -----
  +--> ?PR?TIMERCBFUNQUEEMPTY?TIMER
  +--> ?CO?HW_TIMER
  +--> ?PR?PRINTF?PRINTF
  +--> ?PR?_TIMERCBFUNEXCE?TIMER

?PR?PRINTF?PRINTF                               0020H.0  0001H.1    0008H    0005H      0111H    0028H
  +--> ?PR?_PUTCHAR?HW_SERIAL

BL51 BANKED LINKER/LOCATER V6.22                                                      03/25/2019  21:43:25  PAGE 5


?PR?_PUTCHAR?HW_SERIAL                          -----    -----      -----    -----      -----    -----
  +--> ?PR?_TX1_WRITE2BUFF?HW_SERIAL

?PR?_TIMERCBFUNEXCE?TIMER                       -----    -----      -----    -----      0143H    0005H
  +--> ?PR?TIMERCBFUNQUEEMPTY?TIMER
  +--> ?PR?TIMER

*** NEW ROOT ***************************************************

?PR?TIME2_INT?HW_TIMER                          -----    -----      -----    -----      -----    -----
  +--> ?PR?TIMERCBFUNQUEEMPTY?TIMER
  +--> ?PR?_TIMERCBFUNEXCE?TIMER

*** NEW ROOT ***************************************************

?PR?TIME3_INT?HW_TIMER                          -----    -----      -----    -----      -----    -----
  +--> ?PR?TIMERCBFUNQUEEMPTY?TIMER
  +--> ?PR?_TIMERCBFUNEXCE?TIMER

*** NEW ROOT ***************************************************

?PR?TIME4_INT?HW_TIMER                          -----    -----      -----    -----      -----    -----
  +--> ?PR?TIMERCBFUNQUEEMPTY?TIMER
  +--> ?PR?_TIMERCBFUNEXCE?TIMER

*** NEW ROOT ***************************************************

?C_C51STARTUP                                   -----    -----      -----    -----      -----    -----
  +--> ?PR?MAIN?MAIN
  +--> ?C_INITSEG

?PR?MAIN?MAIN                                   -----    -----      -----    -----      0148H    000DH
  +--> ?CO?MAIN
  +--> ?PR?SETUP?MAIN
  +--> ?PR?_TAILACT?MAIN
  +--> ?PR?_DELAY_MS?DELAY
  +--> ?PR?_DIGITALREAD_COMMON?PINCTL
  +--> ?PR?_TX1_WRITE2BUFF?HW_SERIAL

?PR?SETUP?MAIN                                  -----    -----      -----    -----      -----    -----
  +--> ?PR?_HW_SERIALCONFIG?HW_SERIAL
  +--> ?PR?SERVODEFAULTINIT?SERVOCOMMON
  +--> ?PR?_SERVOWRITE?SERVOCOMMON
  +--> ?PR?_PINMODE_COMMON?PINCTL

?PR?_HW_SERIALCONFIG?HW_SERIAL                  -----    -----      -----    -----      0155H    0012H
  +--> ?PR?_USART_CONFIGURATION?HW_SERIAL

?PR?_USART_CONFIGURATION?HW_SERIAL              -----    -----      -----    -----      0167H    0009H
  +--> ?PR?HW_SERIAL

?PR?SERVODEFAULTINIT?SERVOCOMMON                -----    -----      -----    -----      -----    -----
  +--> ?PR?SERVOATTACHED?SERVOCOMMON
  +--> ?PR?_PINMODE_COMMON?PINCTL
  +--> ?PR?_SETSERVOCTLPIN?HW_PWM
  +--> ?PR?_SERVOPWMINTERRUPTPROC?HW_PWM
  +--> ?PR?_TIMERREGIST?TIMER
BL51 BANKED LINKER/LOCATER V6.22                                                      03/25/2019  21:43:25  PAGE 6



?PR?_PINMODE_COMMON?PINCTL                      -----    -----      -----    -----      -----    -----
  +--> ?PR?_HW_GPIO_CONFIG?HW_GPIOCTL51

?PR?_HW_GPIO_CONFIG?HW_GPIOCTL51                -----    -----      -----    -----      0155H    0004H
  +--> ?PR?HW_GPIOCTL51
  +--> ?PR?_GPIO_INILIZE?HW_GPIOCTL51

?PR?_GPIO_INILIZE?HW_GPIOCTL51                  -----    -----      -----    -----      -----    -----
  +--> ?PR?HW_GPIOCTL51

?PR?_TIMERREGIST?TIMER                          -----    -----      -----    -----      0155H    0006H
  +--> ?PR?TIMER
  +--> ?PR?_HW_TIMER_CONFIG?HW_TIMER
  +--> ?PR?_REGISTTIMERCBFUN?TIMER

?PR?_HW_TIMER_CONFIG?HW_TIMER                   -----    -----      -----    -----      015BH    000BH
  +--> ?PR?_TIMER_INILIZE?HW_TIMER

?PR?_TIMER_INILIZE?HW_TIMER                     -----    -----      -----    -----      -----    -----
  +--> ?PR?HW_TIMER

?PR?_REGISTTIMERCBFUN?TIMER                     -----    -----      -----    -----      015BH    0004H
  +--> ?PR?TIMERCBFUNQUEFULL?TIMER
  +--> ?PR?TIMER

?PR?TIMERCBFUNQUEFULL?TIMER                     -----    -----      -----    -----      -----    -----
  +--> ?PR?TIMER

?PR?_SERVOWRITE?SERVOCOMMON                     -----    -----      -----    -----      -----    -----
  +--> ?PR?_SETSERVOPULSEWIDTH?HW_PWM

?PR?_TAILACT?MAIN                               -----    -----      -----    -----      -----    -----
  +--> ?PR?_SERVOWRITE?SERVOCOMMON

?PR?_DIGITALREAD_COMMON?PINCTL                  -----    -----      -----    -----      -----    -----
  +--> ?PR?_HW_GPIO_DIGITALREAD?HW_GPIOCTL51

?PR?_HW_GPIO_DIGITALREAD?HW_GPIOCTL51           -----    -----      -----    -----      -----    -----
  +--> ?PR?HW_GPIOCTL51



UNRESOLVED EXTERNAL SYMBOLS:
   HW_TIME0RELOAD
   HW_TIME0START
   HW_TIME1RELOAD
   HW_TIME1START



SYMBOL TABLE OF MODULE:  .\list\catCar (MAIN)

  VALUE           TYPE          NAME
  ----------------------------------

  -------         MODULE        MAIN
BL51 BANKED LINKER/LOCATER V6.22                                                      03/25/2019  21:43:25  PAGE 7


  C:0000H         SYMBOL        _ICE_DUMMY_
  D:0080H         PUBLIC        P0
  D:0090H         PUBLIC        P1
  D:00A0H         PUBLIC        P2
  D:00B0H         PUBLIC        P3
  D:00C0H         PUBLIC        P4
  D:00C8H         PUBLIC        P5
  B:00A8H.7       PUBLIC        EA
  D:00E8H         PUBLIC        P6
  D:00F8H         PUBLIC        P7
  D:00A8H         PUBLIC        IE
  D:00B8H         PUBLIC        IP
  X:01BFH         SYMBOL        G_SeriasCfg
  D:00D8H         PUBLIC        CCON
  C:14E2H         PUBLIC        main
  C:181CH         PUBLIC        setup
  D:0098H         PUBLIC        SCON
  D:0088H         PUBLIC        TCON
  D:00F0H         PUBLIC        B
  C:1D65H         SYMBOL        _?ix1000
  C:001EH         PUBLIC        _tailAct
  D:00E0H         PUBLIC        ACC
  D:00D0H         PUBLIC        PSW
  -------         PROC          _TAILACT
  D:0007H         SYMBOL        mode
  C:001EH         LINE#         26
  C:001EH         LINE#         27
  C:001EH         LINE#         29
  -------         ENDPROC       _TAILACT
  -------         PROC          SETUP
  C:181CH         LINE#         33
  C:181CH         LINE#         34
  C:181CH         LINE#         36
  C:182BH         LINE#         38
  C:182EH         LINE#         39
  C:1830H         LINE#         41
  C:1837H         LINE#         43
  C:183EH         LINE#         44
  C:1845H         LINE#         45
  C:184CH         LINE#         46
  C:1853H         LINE#         48
  C:185AH         LINE#         49
  -------         ENDPROC       SETUP
  -------         PROC          MAIN
  -------         DO            
  X:0148H         SYMBOL        leftIrStatus
  X:0149H         SYMBOL        rightIrStatus
  X:014AH         SYMBOL        uartData
  X:0154H         SYMBOL        i
  -------         ENDDO         
  C:14E2H         LINE#         56
  C:14E2H         LINE#         57
  C:14E2H         LINE#         59
  C:14E7H         LINE#         60
  C:14E9H         LINE#         61
  C:14FBH         LINE#         62
  C:1500H         LINE#         64
BL51 BANKED LINKER/LOCATER V6.22                                                      03/25/2019  21:43:25  PAGE 8


  C:1503H         LINE#         65
  C:1508H         LINE#         67
  C:1508H         LINE#         68
  C:1508H         LINE#         70
  C:1508H         LINE#         71
  C:1508H         LINE#         72
  C:150DH         LINE#         74
  C:1517H         LINE#         75
  C:1521H         LINE#         76
  C:152BH         LINE#         77
  C:1530H         LINE#         78
  C:153AH         LINE#         79
  C:153FH         LINE#         80
  -------         ENDPROC       MAIN
  -------         ENDMOD        MAIN

  -------         MODULE        CARCTL
  C:0000H         SYMBOL        _ICE_DUMMY_
  D:0080H         PUBLIC        P0
  D:0090H         PUBLIC        P1
  D:00A0H         PUBLIC        P2
  D:00B0H         PUBLIC        P3
  D:00C0H         PUBLIC        P4
  D:00C8H         PUBLIC        P5
  D:00E8H         PUBLIC        P6
  D:00F8H         PUBLIC        P7
  D:00A8H         PUBLIC        IE
  C:1D13H         PUBLIC        carForward
  D:00B8H         PUBLIC        IP
  D:00D8H         PUBLIC        CCON
  C:1D21H         PUBLIC        carBack
  D:0098H         PUBLIC        SCON
  D:0088H         PUBLIC        TCON
  D:00F0H         PUBLIC        B
  D:00E0H         PUBLIC        ACC
  C:1BAFH         PUBLIC        carInit
  C:000EH         PUBLIC        carStop
  C:1D3DH         PUBLIC        carTurnRight
  C:1D2FH         PUBLIC        carTurnLeft
  D:00D0H         PUBLIC        PSW
  -------         PROC          CARINIT
  -------         DO            
  X:0221H         SYMBOL        motors
  -------         ENDDO         
  C:1BAFH         LINE#         4
  C:1BAFH         LINE#         5
  C:1BAFH         LINE#         7
  C:1BB5H         LINE#         8
  C:1BBBH         LINE#         9
  C:1BBEH         LINE#         10
  C:1BC1H         LINE#         11
  C:1BC4H         LINE#         12
  -------         ENDPROC       CARINIT
  -------         PROC          CARFORWARD
  C:1D13H         LINE#         16
  C:1D13H         LINE#         17
  C:1D13H         LINE#         18
BL51 BANKED LINKER/LOCATER V6.22                                                      03/25/2019  21:43:25  PAGE 9


  C:1D1AH         LINE#         19
  -------         ENDPROC       CARFORWARD
  -------         PROC          CARBACK
  C:1D21H         LINE#         22
  C:1D21H         LINE#         23
  C:1D21H         LINE#         24
  C:1D28H         LINE#         25
  -------         ENDPROC       CARBACK
  -------         PROC          CARSTOP
  C:000EH         LINE#         28
  C:000EH         LINE#         29
  C:000EH         LINE#         30
  C:0014H         LINE#         31
  -------         ENDPROC       CARSTOP
  -------         PROC          CARTURNLEFT
  C:1D2FH         LINE#         35
  C:1D2FH         LINE#         36
  C:1D2FH         LINE#         37
  C:1D36H         LINE#         38
  -------         ENDPROC       CARTURNLEFT
  -------         PROC          CARTURNRIGHT
  C:1D3DH         LINE#         42
  C:1D3DH         LINE#         43
  C:1D3DH         LINE#         44
  C:1D44H         LINE#         45
  -------         ENDPROC       CARTURNRIGHT
  -------         ENDMOD        CARCTL

  -------         MODULE        IR
  C:0000H         SYMBOL        _ICE_DUMMY_
  D:0080H         PUBLIC        P0
  D:0090H         PUBLIC        P1
  D:00A0H         PUBLIC        P2
  D:00B0H         PUBLIC        P3
  D:00C0H         PUBLIC        P4
  D:00C8H         PUBLIC        P5
  D:00E8H         PUBLIC        P6
  D:00F8H         PUBLIC        P7
  D:00A8H         PUBLIC        IE
  D:00B8H         PUBLIC        IP
  D:00D8H         PUBLIC        CCON
  D:0098H         PUBLIC        SCON
  D:0088H         PUBLIC        TCON
  X:023CH         SYMBOL        G_IRParam
  D:00F0H         PUBLIC        B
  D:00E0H         PUBLIC        ACC
  C:10EBH         PUBLIC        _initIR
  C:1CE3H         PUBLIC        _getIRStartus
  D:00D0H         PUBLIC        PSW
  C:1D59H         SYMBOL        Com0009
  C:1D59H         SYMBOL        L?0010
  C:1D59H         SYMBOL        L?0011
  -------         PROC          COM0009
  -------         ENDPROC       COM0009
  -------         PROC          _INITIR
  X:0226H         SYMBOL        param
  -------         DO            
BL51 BANKED LINKER/LOCATER V6.22                                                      03/25/2019  21:43:25  PAGE 10


  X:0229H         SYMBOL        i
  -------         ENDDO         
  C:10EBH         LINE#         7
  C:10F6H         LINE#         8
  C:10F6H         LINE#         9
  C:10FBH         LINE#         11
  C:1100H         LINE#         12
  C:1103H         LINE#         13
  C:1103H         LINE#         15
  C:1114H         LINE#         16
  C:1117H         LINE#         17
  C:1117H         LINE#         19
  C:111CH         LINE#         21
  C:1144H         LINE#         22
  C:1144H         LINE#         23
  C:1155H         LINE#         24
  C:1172H         LINE#         25
  C:1182H         LINE#         26
  C:1184H         LINE#         27
  -------         ENDPROC       _INITIR
  -------         PROC          _GETIRSTARTUS
  D:0007H         SYMBOL        ir
  C:1CE3H         LINE#         29
  C:1CE3H         LINE#         30
  C:1CE3H         LINE#         31
  C:1CF2H         LINE#         32
  -------         ENDPROC       _GETIRSTARTUS
  -------         ENDMOD        IR

  -------         MODULE        MOTOR
  C:0000H         SYMBOL        _ICE_DUMMY_
  D:0080H         PUBLIC        P0
  D:0090H         PUBLIC        P1
  D:00A0H         PUBLIC        P2
  D:00B0H         PUBLIC        P3
  D:00C0H         PUBLIC        P4
  D:00C8H         PUBLIC        P5
  D:00E8H         PUBLIC        P6
  D:00F8H         PUBLIC        P7
  D:00A8H         PUBLIC        IE
  D:00B8H         PUBLIC        IP
  D:00D8H         PUBLIC        CCON
  X:022BH         SYMBOL        G_MotorParam
  D:0098H         PUBLIC        SCON
  D:0088H         PUBLIC        TCON
  C:0EE5H         PUBLIC        _initMotors
  D:00F0H         PUBLIC        B
  D:00E0H         PUBLIC        ACC
  C:16E8H         PUBLIC        _SetMotorSatus
  D:00D0H         PUBLIC        PSW
  C:1B6BH         SYMBOL        Com000F
  C:1B6BH         SYMBOL        L?0016
  C:1B6BH         SYMBOL        L?0017
  C:1B7DH         SYMBOL        L?0019
  -------         PROC          COM000F
  -------         ENDPROC       COM000F
  C:0F80H         SYMBOL        L?0014
BL51 BANKED LINKER/LOCATER V6.22                                                      03/25/2019  21:43:25  PAGE 11


  -------         PROC          _INITMOTORS
  X:0230H         SYMBOL        param
  -------         DO            
  X:0233H         SYMBOL        i
  -------         ENDDO         
  C:0EE5H         LINE#         6
  C:0EF0H         LINE#         7
  C:0EF0H         LINE#         8
  C:0EF3H         LINE#         10
  C:0EF8H         LINE#         11
  C:0EFBH         LINE#         12
  C:0EFBH         LINE#         14
  C:0F06H         LINE#         15
  C:0F09H         LINE#         16
  C:0F09H         LINE#         17
  C:0F0EH         LINE#         19
  C:0F27H         LINE#         20
  C:0F27H         LINE#         21
  C:0F38H         LINE#         22
  C:0F43H         LINE#         23
  C:0F5BH         LINE#         24
  C:0F74H         LINE#         25
  C:0F7DH         LINE#         27
  C:0F7FH         LINE#         28
  -------         ENDPROC       _INITMOTORS
  C:1722H         SYMBOL        L?0018
  -------         PROC          _SETMOTORSATUS
  X:0242H         SYMBOL        motor
  D:0005H         SYMBOL        motorStatus
  C:16E8H         LINE#         31
  C:16EDH         LINE#         32
  C:16EDH         LINE#         34
  C:16F8H         LINE#         35
  C:16F8H         LINE#         36
  C:16F8H         LINE#         37
  C:16FEH         LINE#         38
  C:16FEH         LINE#         39
  C:1700H         LINE#         40
  C:1700H         LINE#         41
  C:1700H         LINE#         42
  C:1700H         LINE#         43
  C:1707H         LINE#         44
  C:170DH         LINE#         45
  C:170FH         LINE#         46
  C:170FH         LINE#         47
  C:170FH         LINE#         48
  C:170FH         LINE#         49
  C:1715H         LINE#         50
  C:171FH         LINE#         51
  C:171FH         LINE#         52
  C:171FH         LINE#         53
  C:171FH         LINE#         55
  C:1721H         LINE#         56
  -------         ENDPROC       _SETMOTORSATUS
  -------         ENDMOD        MOTOR

  -------         MODULE        PINCTL
BL51 BANKED LINKER/LOCATER V6.22                                                      03/25/2019  21:43:25  PAGE 12


  C:0000H         SYMBOL        _ICE_DUMMY_
  D:0080H         PUBLIC        P0
  D:0090H         PUBLIC        P1
  D:00A0H         PUBLIC        P2
  D:00B0H         PUBLIC        P3
  D:00C0H         PUBLIC        P4
  D:00C8H         PUBLIC        P5
  D:00E8H         PUBLIC        P6
  D:00F8H         PUBLIC        P7
  D:00A8H         PUBLIC        IE
  D:00B8H         PUBLIC        IP
  D:00D8H         PUBLIC        CCON
  D:0098H         PUBLIC        SCON
  D:0088H         PUBLIC        TCON
  C:1CD1H         PUBLIC        _pinMode_common
  D:00F0H         PUBLIC        B
  D:00E0H         PUBLIC        ACC
  C:009EH         PUBLIC        _digitalRead_common
  C:0060H         PUBLIC        _digitalWrite_common
  C:1B1BH         PUBLIC        _analogWrite_common
  D:00D0H         PUBLIC        PSW
  -------         PROC          _PINMODE_COMMON
  D:0007H         SYMBOL        pin
  D:0005H         SYMBOL        mode
  C:1CD1H         LINE#         6
  C:1CD1H         LINE#         7
  C:1CD1H         LINE#         8
  C:1CD7H         LINE#         9
  C:1CDCH         LINE#         10
  C:1CDCH         LINE#         11
  C:1CDFH         LINE#         13
  C:1CE2H         LINE#         14
  -------         ENDPROC       _PINMODE_COMMON
  -------         PROC          _ANALOGWRITE_COMMON
  X:023FH         SYMBOL        pin
  X:0240H         SYMBOL        val
  C:1B1BH         LINE#         16
  C:1B28H         LINE#         17
  C:1B28H         LINE#         18
  C:1B2DH         LINE#         19
  C:1B37H         LINE#         20
  C:1B42H         LINE#         21
  C:1B42H         LINE#         23
  -------         ENDPROC       _ANALOGWRITE_COMMON
  -------         PROC          _DIGITALWRITE_COMMON
  D:0007H         SYMBOL        pin
  D:0004H         SYMBOL        val
  C:0060H         LINE#         25
  C:0060H         LINE#         26
  C:0060H         LINE#         28
  -------         ENDPROC       _DIGITALWRITE_COMMON
  -------         PROC          _DIGITALREAD_COMMON
  D:0007H         SYMBOL        pin
  C:009EH         LINE#         31
  C:009EH         LINE#         32
  C:009EH         LINE#         34
  C:00A1H         LINE#         36
BL51 BANKED LINKER/LOCATER V6.22                                                      03/25/2019  21:43:25  PAGE 13


  -------         ENDPROC       _DIGITALREAD_COMMON
  -------         ENDMOD        PINCTL

  -------         MODULE        SERVOCOMMON
  C:0000H         SYMBOL        _ICE_DUMMY_
  C:1C72H         PUBLIC        servoDetach
  C:0003H         PUBLIC        servoAttachedPin
  D:0080H         PUBLIC        P0
  D:0090H         PUBLIC        P1
  C:1D9CH         SYMBOL        resetFields
  D:00A0H         PUBLIC        P2
  D:00B0H         PUBLIC        P3
  D:00C0H         PUBLIC        P4
  D:00C8H         PUBLIC        P5
  D:00E8H         PUBLIC        P6
  D:00F8H         PUBLIC        P7
  C:1541H         PUBLIC        _servoAttach
  D:00A8H         PUBLIC        IE
  D:00B8H         PUBLIC        IP
  C:1DAFH         PUBLIC        servoReadMicroseconds
  D:00D8H         PUBLIC        CCON
  C:1DB3H         PUBLIC        servoRead
  C:0098H         PUBLIC        _servoWriteMicroseconds
  D:0098H         PUBLIC        SCON
  D:0088H         PUBLIC        TCON
  C:1B43H         PUBLIC        _servoWrite
  D:00F0H         PUBLIC        B
  D:00E0H         PUBLIC        ACC
  X:01DFH         SYMBOL        G_ServoCfg
  C:1CF3H         PUBLIC        servoAttached
  C:147FH         PUBLIC        _testTimerCb
  C:1861H         PUBLIC        ServoDefaultInit
  D:00D0H         PUBLIC        PSW
  C:1C33H         SYMBOL        Com0016
  C:1C33H         SYMBOL        L?0023
  -------         PROC          COM0016
  -------         ENDPROC       COM0016
  -------         PROC          RESETFIELDS
  C:1D9CH         LINE#         18
  C:1D9CH         LINE#         19
  C:1D9CH         LINE#         20
  -------         ENDPROC       RESETFIELDS
  -------         PROC          SERVOREADMICROSECONDS
  C:1DAFH         LINE#         24
  C:1DAFH         LINE#         25
  C:1DAFH         LINE#         27
  C:1DB2H         LINE#         28
  -------         ENDPROC       SERVOREADMICROSECONDS
  -------         PROC          _SERVOWRITEMICROSECONDS
  D:0006H         SYMBOL        pulseWidth
  C:0098H         LINE#         30
  C:0098H         LINE#         31
  C:0098H         LINE#         33
  -------         ENDPROC       _SERVOWRITEMICROSECONDS
  -------         PROC          SERVOREAD
  C:1DB3H         LINE#         37
  C:1DB3H         LINE#         38
BL51 BANKED LINKER/LOCATER V6.22                                                      03/25/2019  21:43:25  PAGE 14


  C:1DB3H         LINE#         40
  C:1DB6H         LINE#         41
  -------         ENDPROC       SERVOREAD
  -------         PROC          _SERVOWRITE
  D:0006H         SYMBOL        angle
  -------         DO            
  D:0004H         SYMBOL        pulseWidth
  -------         ENDDO         
  C:1B43H         LINE#         44
  C:1B43H         LINE#         45
  C:1B43H         LINE#         46
  C:1B43H         LINE#         48
  C:1B56H         LINE#         51
  C:1B56H         LINE#         53
  C:1B64H         LINE#         55
  C:1B6AH         LINE#         56
  -------         ENDPROC       _SERVOWRITE
  -------         PROC          SERVODETACH
  C:1C72H         LINE#         58
  C:1C72H         LINE#         59
  C:1C72H         LINE#         60
  C:1C7CH         LINE#         61
  C:1C82H         LINE#         62
  C:1C84H         LINE#         63
  -------         ENDPROC       SERVODETACH
  -------         PROC          SERVOATTACHEDPIN
  C:0003H         LINE#         65
  C:0003H         LINE#         66
  C:0003H         LINE#         67
  C:000AH         LINE#         69
  -------         ENDPROC       SERVOATTACHEDPIN
  -------         PROC          SERVOATTACHED
  C:1CF3H         LINE#         71
  C:1CF3H         LINE#         72
  C:1CF3H         LINE#         73
  C:1D02H         LINE#         74
  -------         ENDPROC       SERVOATTACHED
  -------         PROC          _TESTTIMERCB
  X:0243H         SYMBOL        timerx
  -------         DO            
  X:01DBH         SYMBOL        timeCnt
  -------         ENDDO         
  C:147FH         LINE#         76
  C:1484H         LINE#         77
  C:1484H         LINE#         80
  C:14A3H         LINE#         81
  C:14ACH         LINE#         83
  C:14B4H         LINE#         84
  C:14BAH         LINE#         85
  C:14BCH         LINE#         87
  C:14C5H         LINE#         88
  C:14CEH         LINE#         89
  C:14CEH         LINE#         91
  C:14D7H         LINE#         93
  C:14E1H         LINE#         94
  C:14E1H         LINE#         97
  -------         ENDPROC       _TESTTIMERCB
BL51 BANKED LINKER/LOCATER V6.22                                                      03/25/2019  21:43:25  PAGE 15


  -------         PROC          _SERVOATTACH
  D:0001H         SYMBOL        pin
  D:0004H         SYMBOL        minPulseWidth
  D:0002H         SYMBOL        maxPulseWidth
  X:0201H         SYMBOL        minAngle
  X:0203H         SYMBOL        maxAngle
  C:1541H         LINE#         100
  C:1543H         LINE#         101
  C:1543H         LINE#         102
  C:1546H         LINE#         105
  C:1546H         LINE#         107
  C:154BH         LINE#         108
  C:1553H         LINE#         109
  C:155BH         LINE#         110
  C:156AH         LINE#         111
  C:1579H         LINE#         112
  C:1580H         LINE#         113
  C:1588H         LINE#         114
  C:1597H         LINE#         115
  C:1599H         LINE#         116
  -------         ENDPROC       _SERVOATTACH
  -------         PROC          SERVODEFAULTINIT
  C:1861H         LINE#         120
  C:1861H         LINE#         121
  C:1861H         LINE#         122
  C:1864H         LINE#         125
  C:1864H         LINE#         127
  C:186AH         LINE#         128
  C:1872H         LINE#         129
  C:187AH         LINE#         130
  C:187FH         LINE#         131
  C:1885H         LINE#         132
  C:188FH         LINE#         133
  C:1897H         LINE#         134
  -------         ENDPROC       SERVODEFAULTINIT
  -------         ENDMOD        SERVOCOMMON

  -------         MODULE        TAILCTL
  C:0000H         SYMBOL        _ICE_DUMMY_
  D:0080H         PUBLIC        P0
  D:0090H         PUBLIC        P1
  D:00A0H         PUBLIC        P2
  D:00B0H         PUBLIC        P3
  D:00C0H         PUBLIC        P4
  D:00C8H         PUBLIC        P5
  D:00E8H         PUBLIC        P6
  D:00F8H         PUBLIC        P7
  D:00A8H         PUBLIC        IE
  D:00B8H         PUBLIC        IP
  D:00D8H         PUBLIC        CCON
  D:0098H         PUBLIC        SCON
  D:0088H         PUBLIC        TCON
  D:00F0H         PUBLIC        B
  D:00E0H         PUBLIC        ACC
  D:00D0H         PUBLIC        PSW
  -------         ENDMOD        TAILCTL

BL51 BANKED LINKER/LOCATER V6.22                                                      03/25/2019  21:43:25  PAGE 16


  -------         MODULE        WIFI
  C:0000H         SYMBOL        _ICE_DUMMY_
  -------         ENDMOD        WIFI

  -------         MODULE        TIMER
  C:0000H         SYMBOL        _ICE_DUMMY_
  D:0080H         PUBLIC        P0
  D:0090H         PUBLIC        P1
  D:00A0H         PUBLIC        P2
  D:00B0H         PUBLIC        P3
  D:00C0H         PUBLIC        P4
  X:0170H         SYMBOL        G_ServoEnable
  D:00C8H         PUBLIC        P5
  D:00E8H         PUBLIC        P6
  D:00F8H         PUBLIC        P7
  D:00A8H         PUBLIC        IE
  C:0066H         PUBLIC        _timerRegist
  D:00B8H         PUBLIC        IP
  D:00D8H         PUBLIC        CCON
  C:0026H         PUBLIC        _timerxStart
  D:0098H         PUBLIC        SCON
  D:0088H         PUBLIC        TCON
  C:1C98H         PUBLIC        timerCbFunQueEmpty
  C:1CABH         PUBLIC        timerCbFunQueFull
  X:0171H         PUBLIC        G_timerEvnCbFuns
  D:00F0H         PUBLIC        B
  D:00E0H         PUBLIC        ACC
  X:01A1H         SYMBOL        G_timerCbFunQue
  C:19B3H         PUBLIC        _unregistTimerCbFun
  C:159AH         PUBLIC        _registTimerCbFun
  C:1C48H         PUBLIC        _timerxReload
  D:00D0H         PUBLIC        PSW
  C:1049H         PUBLIC        _timerCbFunExce
  C:1698H         SYMBOL        Com001C
  C:1698H         SYMBOL        L?0029
  C:1698H         SYMBOL        L?0030
  C:16A6H         SYMBOL        L?0031
  C:16A7H         SYMBOL        L?0032
  C:16B4H         SYMBOL        L?0033
  C:16C3H         SYMBOL        L?0034
  C:16D1H         SYMBOL        L?0035
  C:16DFH         SYMBOL        L?0036
  C:16DFH         SYMBOL        L?0037
  -------         PROC          COM001C
  -------         ENDPROC       COM001C
  -------         PROC          TIMERCBFUNQUEEMPTY
  C:1C98H         LINE#         54
  C:1C98H         LINE#         55
  C:1C98H         LINE#         56
  C:1CA5H         LINE#         59
  C:1CA8H         LINE#         61
  C:1CA8H         LINE#         63
  C:1CAAH         LINE#         64
  C:1CAAH         LINE#         65
  -------         ENDPROC       TIMERCBFUNQUEEMPTY
  -------         PROC          TIMERCBFUNQUEFULL
  C:1CABH         LINE#         67
BL51 BANKED LINKER/LOCATER V6.22                                                      03/25/2019  21:43:25  PAGE 17


  C:1CABH         LINE#         68
  C:1CABH         LINE#         69
  C:1CB8H         LINE#         72
  C:1CBBH         LINE#         74
  C:1CBBH         LINE#         76
  C:1CBDH         LINE#         77
  C:1CBDH         LINE#         78
  -------         ENDPROC       TIMERCBFUNQUEFULL
  -------         PROC          _TIMERCBFUNEXCE
  X:0143H         SYMBOL        timerx
  -------         DO            
  X:0144H         SYMBOL        head
  X:0145H         SYMBOL        timerxEvnCbFun
  -------         ENDDO         
  C:1049H         LINE#         80
  C:104EH         LINE#         81
  C:104EH         LINE#         82
  C:1056H         LINE#         83
  C:105DH         LINE#         86
  C:1063H         LINE#         89
  C:1066H         LINE#         91
  C:1066H         LINE#         93
  C:1078H         LINE#         95
  C:1084H         LINE#         97
  C:1091H         LINE#         98
  C:10A8H         LINE#         100
  C:10BDH         LINE#         101
  C:10C0H         LINE#         104
  C:10D4H         LINE#         105
  C:10D4H         LINE#         107
  C:10DFH         LINE#         108
  C:10DFH         LINE#         110
  C:10DFH         LINE#         112
  C:10E5H         LINE#         114
  C:10E8H         LINE#         116
  C:10EAH         LINE#         117
  -------         ENDPROC       _TIMERCBFUNEXCE
  -------         PROC          _REGISTTIMERCBFUN
  X:015BH         SYMBOL        timerx
  X:015CH         SYMBOL        timeoutExc
  D:0001H         SYMBOL        cb
  -------         DO            
  X:015EH         SYMBOL        queID
  -------         ENDDO         
  C:159AH         LINE#         119
  C:15A5H         LINE#         120
  C:15A5H         LINE#         121
  C:15A8H         LINE#         122
  C:15ABH         LINE#         127
  C:15ABH         LINE#         129
  C:15B4H         LINE#         130
  C:15BEH         LINE#         131
  C:15D3H         LINE#         132
  C:15DBH         LINE#         133
  C:15E2H         LINE#         134
  C:15EBH         LINE#         136
  C:15F0H         LINE#         137
BL51 BANKED LINKER/LOCATER V6.22                                                      03/25/2019  21:43:25  PAGE 18


  -------         ENDPROC       _REGISTTIMERCBFUN
  -------         PROC          _UNREGISTTIMERCBFUN
  D:0005H         SYMBOL        cb_FunID
  C:19B3H         LINE#         139
  C:19B5H         LINE#         140
  C:19B5H         LINE#         142
  C:19BBH         LINE#         145
  C:19BEH         LINE#         146
  C:19BEH         LINE#         148
  C:19DAH         LINE#         149
  C:19EAH         LINE#         150
  C:19F2H         LINE#         151
  C:19F4H         LINE#         152
  -------         ENDPROC       _UNREGISTTIMERCBFUN
  -------         PROC          _TIMERREGIST
  X:0155H         SYMBOL        timerx
  X:0156H         SYMBOL        timeoutExc
  X:0158H         SYMBOL        cb
  C:0066H         LINE#         154
  C:0077H         LINE#         155
  C:0077H         LINE#         157
  C:007EH         LINE#         158
  C:0095H         LINE#         159
  C:0097H         LINE#         160
  -------         ENDPROC       _TIMERREGIST
  -------         PROC          _TIMERXSTART
  X:0244H         SYMBOL        timerx
  C:0026H         LINE#         162
  C:002BH         LINE#         163
  C:002BH         LINE#         164
  C:002DH         LINE#         166
  C:0030H         LINE#         167
  C:0033H         LINE#         168
  C:0033H         LINE#         169
  C:003AH         LINE#         170
  C:003AH         LINE#         171
  C:003DH         LINE#         172
  C:0040H         LINE#         173
  C:0040H         LINE#         175
  -------         ENDPROC       _TIMERXSTART
  -------         PROC          _TIMERXRELOAD
  X:0245H         SYMBOL        timerx
  C:1C48H         LINE#         177
  C:1C4DH         LINE#         178
  C:1C4DH         LINE#         179
  C:1C4FH         LINE#         181
  C:1C52H         LINE#         183
  C:1C52H         LINE#         184
  C:1C59H         LINE#         185
  C:1C59H         LINE#         186
  C:1C5CH         LINE#         188
  C:1C5CH         LINE#         189
  -------         ENDPROC       _TIMERXRELOAD
  -------         ENDMOD        TIMER

  -------         MODULE        SERIAL
  C:0000H         SYMBOL        _ICE_DUMMY_
BL51 BANKED LINKER/LOCATER V6.22                                                      03/25/2019  21:43:25  PAGE 19


  D:0080H         PUBLIC        P0
  D:0090H         PUBLIC        P1
  D:00A0H         PUBLIC        P2
  C:1D6FH         PUBLIC        _serialRead
  D:00B0H         PUBLIC        P3
  D:00C0H         PUBLIC        P4
  D:00C8H         PUBLIC        P5
  D:00E8H         PUBLIC        P6
  C:1D83H         PUBLIC        _initSeriaX
  D:00F8H         PUBLIC        P7
  D:00A8H         PUBLIC        IE
  C:1D79H         PUBLIC        _serialWrite
  D:00B8H         PUBLIC        IP
  X:01A3H         PUBLIC        G_serialEvnCbFuns
  X:01AFH         SYMBOL        G_SeriasCfg
  D:00D8H         PUBLIC        CCON
  X:01BDH         SYMBOL        G_serialCbFunQue
  C:18A6H         PUBLIC        _unregistSerialCbFun
  D:0098H         PUBLIC        SCON
  D:0088H         PUBLIC        TCON
  D:00F0H         PUBLIC        B
  D:00E0H         PUBLIC        ACC
  C:1647H         PUBLIC        _registSerialCbFun
  C:1D8CH         PUBLIC        _uninitSeriaX
  D:00D0H         PUBLIC        PSW
  C:0046H         SYMBOL        Com000A
  C:0046H         SYMBOL        L?0011
  C:0046H         SYMBOL        L?0012
  C:0049H         SYMBOL        L?0013
  C:0052H         SYMBOL        L?0014
  -------         PROC          COM000A
  -------         ENDPROC       COM000A
  -------         PROC          _REGISTSERIALCBFUN
  X:0234H         SYMBOL        serialx
  X:0235H         SYMBOL        cb
  C:1647H         LINE#         24
  C:164DH         LINE#         25
  C:164DH         LINE#         26
  C:165CH         LINE#         29
  C:165FH         LINE#         30
  C:165FH         LINE#         32
  C:1664H         LINE#         33
  C:1679H         LINE#         34
  C:1695H         LINE#         35
  C:1697H         LINE#         36
  -------         ENDPROC       _REGISTSERIALCBFUN
  -------         PROC          _UNREGISTSERIALCBFUN
  X:0246H         SYMBOL        cb_FunID
  C:18A6H         LINE#         38
  C:18ABH         LINE#         39
  C:18ABH         LINE#         41
  C:18B6H         LINE#         44
  C:18B9H         LINE#         45
  C:18B9H         LINE#         47
  C:18D8H         LINE#         48
  C:18E8H         LINE#         49
  C:18E9H         LINE#         50
BL51 BANKED LINKER/LOCATER V6.22                                                      03/25/2019  21:43:25  PAGE 20


  -------         ENDPROC       _UNREGISTSERIALCBFUN
  -------         PROC          _INITSERIAX
  X:0238H         SYMBOL        seriaIndex
  X:0239H         SYMBOL        param
  C:1D83H         LINE#         52
  C:1D89H         LINE#         53
  C:1D89H         LINE#         54
  C:1D8BH         LINE#         55
  -------         ENDPROC       _INITSERIAX
  -------         PROC          _UNINITSERIAX
  X:0247H         SYMBOL        seriaIndex
  C:1D8CH         LINE#         57
  C:1D91H         LINE#         58
  C:1D91H         LINE#         60
  C:1D93H         LINE#         61
  -------         ENDPROC       _UNINITSERIAX
  -------         PROC          _SERIALREAD
  X:0205H         SYMBOL        index
  X:0206H         SYMBOL        buff
  X:0209H         SYMBOL        readSize
  X:020BH         SYMBOL        timeOut
  C:1D6FH         LINE#         63
  C:1D75H         LINE#         64
  C:1D75H         LINE#         66
  C:1D78H         LINE#         67
  -------         ENDPROC       _SERIALREAD
  -------         PROC          _SERIALWRITE
  X:020DH         SYMBOL        index
  X:020EH         SYMBOL        buff
  X:0211H         SYMBOL        writeSize
  X:0213H         SYMBOL        timeOut
  C:1D79H         LINE#         69
  C:1D7FH         LINE#         70
  C:1D7FH         LINE#         72
  C:1D82H         LINE#         73
  -------         ENDPROC       _SERIALWRITE
  -------         ENDMOD        SERIAL

  -------         MODULE        WIFI_ESP8266
  C:0000H         SYMBOL        _ICE_DUMMY_
  D:0080H         PUBLIC        P0
  D:0090H         PUBLIC        P1
  D:00A0H         PUBLIC        P2
  D:00B0H         PUBLIC        P3
  D:00C0H         PUBLIC        P4
  D:00C8H         PUBLIC        P5
  D:00E8H         PUBLIC        P6
  D:00F8H         PUBLIC        P7
  D:00A8H         PUBLIC        IE
  D:00B8H         PUBLIC        IP
  X:01CDH         SYMBOL        G_SeriasCfg
  D:00D8H         PUBLIC        CCON
  D:0098H         PUBLIC        SCON
  D:0088H         PUBLIC        TCON
  D:00F0H         PUBLIC        B
  D:00E0H         PUBLIC        ACC
  D:00D0H         PUBLIC        PSW
BL51 BANKED LINKER/LOCATER V6.22                                                      03/25/2019  21:43:25  PAGE 21


  -------         ENDMOD        WIFI_ESP8266

  -------         MODULE        HW_GPIOCTL51
  C:0000H         SYMBOL        _ICE_DUMMY_
  D:0093H         PUBLIC        P0M1
  D:0092H         PUBLIC        P1M0
  D:0096H         PUBLIC        P2M0
  D:0091H         PUBLIC        P1M1
  D:0080H         PUBLIC        P0
  D:00B2H         PUBLIC        P3M0
  D:0095H         PUBLIC        P2M1
  D:0090H         PUBLIC        P1
  D:00B4H         PUBLIC        P4M0
  D:00B1H         PUBLIC        P3M1
  D:00A0H         PUBLIC        P2
  C:0FA4H         PUBLIC        _HW_GPIO_digitalWrite
  D:00CAH         PUBLIC        P5M0
  D:00B3H         PUBLIC        P4M1
  D:00B0H         PUBLIC        P3
  D:00CCH         PUBLIC        P6M0
  D:00C9H         PUBLIC        P5M1
  D:00C0H         PUBLIC        P4
  D:00E2H         PUBLIC        P7M0
  D:00CBH         PUBLIC        P6M1
  D:00C8H         PUBLIC        P5
  D:00E8H         PUBLIC        P6
  D:00E1H         PUBLIC        P7M1
  D:00F8H         PUBLIC        P7
  C:15F1H         PUBLIC        _HW_GPIO_config
  D:00BAH         PUBLIC        P_SW2
  D:00A8H         PUBLIC        IE
  D:00B8H         PUBLIC        IP
  D:00D8H         PUBLIC        CCON
  D:0098H         PUBLIC        SCON
  D:0088H         PUBLIC        TCON
  D:00F0H         PUBLIC        B
  D:00E0H         PUBLIC        ACC
  C:0813H         SYMBOL        _GPIO_Inilize
  C:12A2H         PUBLIC        _HW_GPIO_digitalRead
  D:00D0H         PUBLIC        PSW
  D:0094H         PUBLIC        P0M0
  C:1BEBH         SYMBOL        Com006C
  C:1BEBH         SYMBOL        L?0109
  C:1BEBH         SYMBOL        L?0110
  C:1BF1H         SYMBOL        L?0111
  C:1BF1H         SYMBOL        L?0112
  C:1BF8H         SYMBOL        L?0113
  C:1BF8H         SYMBOL        L?0114
  C:1BFEH         SYMBOL        L?0115
  C:1BFEH         SYMBOL        L?0116
  -------         PROC          COM006C
  -------         ENDPROC       COM006C
  -------         PROC          _GPIO_INILIZE
  D:0007H         SYMBOL        GPIO
  D:0001H         SYMBOL        GPIOx
  C:0813H         LINE#         40
  C:0813H         LINE#         41
BL51 BANKED LINKER/LOCATER V6.22                                                      03/25/2019  21:43:25  PAGE 22


  C:0813H         LINE#         42
  C:0825H         LINE#         45
  C:0828H         LINE#         47
  C:082BH         LINE#         48
  C:082BH         LINE#         49
  C:0836H         LINE#         50
  C:0844H         LINE#         51
  C:0852H         LINE#         52
  C:0860H         LINE#         54
  C:0866H         LINE#         55
  C:086DH         LINE#         57
  C:086DH         LINE#         58
  C:0872H         LINE#         59
  C:0872H         LINE#         60
  C:0880H         LINE#         61
  C:088CH         LINE#         62
  C:0899H         LINE#         63
  C:08A9H         LINE#         65
  C:08AFH         LINE#         66
  C:08B6H         LINE#         68
  C:08B6H         LINE#         69
  C:08BBH         LINE#         70
  C:08BBH         LINE#         71
  C:08C9H         LINE#         72
  C:08D5H         LINE#         73
  C:08E2H         LINE#         74
  C:08F2H         LINE#         76
  C:08F8H         LINE#         77
  C:08FFH         LINE#         79
  C:08FFH         LINE#         80
  C:0904H         LINE#         81
  C:0904H         LINE#         82
  C:0912H         LINE#         83
  C:091EH         LINE#         84
  C:092BH         LINE#         85
  C:093BH         LINE#         87
  C:0941H         LINE#         88
  C:0948H         LINE#         90
  C:0948H         LINE#         91
  C:094DH         LINE#         92
  C:094DH         LINE#         93
  C:095BH         LINE#         94
  C:0967H         LINE#         95
  C:0974H         LINE#         96
  C:0984H         LINE#         98
  C:098AH         LINE#         99
  C:0991H         LINE#         101
  C:0991H         LINE#         102
  C:0996H         LINE#         103
  C:0996H         LINE#         104
  C:09A4H         LINE#         105
  C:09B0H         LINE#         106
  C:09BDH         LINE#         107
  C:09CDH         LINE#         109
  C:09D3H         LINE#         110
  C:09DAH         LINE#         112
  C:09DAH         LINE#         113
BL51 BANKED LINKER/LOCATER V6.22                                                      03/25/2019  21:43:25  PAGE 23


  C:09DFH         LINE#         114
  C:09DFH         LINE#         115
  C:09EDH         LINE#         116
  C:09F9H         LINE#         117
  C:0A06H         LINE#         118
  C:0A16H         LINE#         120
  C:0A1CH         LINE#         121
  C:0A23H         LINE#         123
  C:0A23H         LINE#         124
  C:0A28H         LINE#         125
  C:0A28H         LINE#         126
  C:0A36H         LINE#         127
  C:0A42H         LINE#         128
  C:0A4FH         LINE#         129
  C:0A5FH         LINE#         131
  C:0A65H         LINE#         132
  C:0A6CH         LINE#         134
  C:0A6CH         LINE#         137
  C:0A6FH         LINE#         139
  C:0A71H         LINE#         140
  -------         ENDPROC       _GPIO_INILIZE
  -------         PROC          _HW_GPIO_CONFIG
  D:0004H         SYMBOL        pin
  D:0005H         SYMBOL        mode
  -------         DO            
  X:0155H         SYMBOL        GPIO_InitStructure
  -------         ENDDO         
  C:15F1H         LINE#         142
  C:15F3H         LINE#         143
  C:15F3H         LINE#         145
  C:1603H         LINE#         146
  C:1607H         LINE#         147
  C:160CH         LINE#         148
  C:160EH         LINE#         150
  C:161CH         LINE#         151
  C:161CH         LINE#         153
  C:161CH         LINE#         154
  C:161EH         LINE#         155
  C:161EH         LINE#         156
  C:161EH         LINE#         158
  C:1624H         LINE#         159
  C:1626H         LINE#         160
  C:1626H         LINE#         161
  C:1626H         LINE#         163
  C:162BH         LINE#         164
  C:1630H         LINE#         165
  C:1632H         LINE#         166
  C:1632H         LINE#         167
  C:1632H         LINE#         171
  C:1632H         LINE#         172
  C:1632H         LINE#         173
  C:1638H         LINE#         174
  C:1638H         LINE#         175
  C:1638H         LINE#         178
  -------         ENDPROC       _HW_GPIO_CONFIG
  -------         PROC          _HW_GPIO_DIGITALWRITE
  D:0007H         SYMBOL        pin
BL51 BANKED LINKER/LOCATER V6.22                                                      03/25/2019  21:43:25  PAGE 24


  D:0004H         SYMBOL        val
  -------         DO            
  D:0006H         SYMBOL        gpioGruop
  D:0003H         SYMBOL        gpioGruopPinBit
  -------         ENDDO         
  C:0FA4H         LINE#         182
  C:0FA4H         LINE#         183
  C:0FA4H         LINE#         184
  C:0FA8H         LINE#         185
  C:0FAAH         LINE#         186
  C:0FB9H         LINE#         187
  C:0FE1H         LINE#         189
  C:0FE1H         LINE#         191
  C:0FE5H         LINE#         193
  C:0FE9H         LINE#         194
  C:0FEAH         LINE#         196
  C:0FEDH         LINE#         197
  C:0FEDH         LINE#         199
  C:0FEEH         LINE#         200
  C:0FEEH         LINE#         201
  C:0FEEH         LINE#         203
  C:0FF2H         LINE#         205
  C:0FF6H         LINE#         206
  C:0FF7H         LINE#         208
  C:0FFAH         LINE#         209
  C:0FFAH         LINE#         210
  C:0FFBH         LINE#         211
  C:0FFBH         LINE#         212
  C:0FFBH         LINE#         214
  C:0FFFH         LINE#         216
  C:1003H         LINE#         217
  C:1004H         LINE#         219
  C:1007H         LINE#         220
  C:1007H         LINE#         221
  C:1008H         LINE#         222
  C:1008H         LINE#         223
  C:1008H         LINE#         225
  C:100CH         LINE#         227
  C:1010H         LINE#         228
  C:1011H         LINE#         230
  C:1014H         LINE#         231
  C:1014H         LINE#         232
  C:1015H         LINE#         233
  C:1015H         LINE#         234
  C:1015H         LINE#         236
  C:1019H         LINE#         238
  C:101DH         LINE#         239
  C:101EH         LINE#         241
  C:1021H         LINE#         242
  C:1021H         LINE#         243
  C:1022H         LINE#         244
  C:1022H         LINE#         245
  C:1022H         LINE#         247
  C:1026H         LINE#         249
  C:102AH         LINE#         250
  C:102BH         LINE#         252
  C:102EH         LINE#         253
BL51 BANKED LINKER/LOCATER V6.22                                                      03/25/2019  21:43:25  PAGE 25


  C:102EH         LINE#         254
  C:102FH         LINE#         255
  C:102FH         LINE#         256
  C:102FH         LINE#         258
  C:1033H         LINE#         260
  C:1037H         LINE#         261
  C:1038H         LINE#         263
  C:103BH         LINE#         264
  C:103BH         LINE#         265
  C:103CH         LINE#         266
  C:103CH         LINE#         267
  C:103CH         LINE#         269
  C:1040H         LINE#         271
  C:1044H         LINE#         272
  C:1045H         LINE#         274
  C:1048H         LINE#         275
  C:1048H         LINE#         276
  C:1048H         LINE#         277
  C:1048H         LINE#         279
  C:1048H         LINE#         280
  C:1048H         LINE#         281
  C:1048H         LINE#         283
  -------         ENDPROC       _HW_GPIO_DIGITALWRITE
  -------         PROC          _HW_GPIO_DIGITALREAD
  D:0007H         SYMBOL        pin
  -------         DO            
  D:0006H         SYMBOL        retVal
  D:0005H         SYMBOL        gpioGruop
  D:0004H         SYMBOL        gpioGruopPinBit
  -------         ENDDO         
  C:12A2H         LINE#         285
  C:12A2H         LINE#         286
  C:12A2H         LINE#         287
  C:12A4H         LINE#         288
  C:12A8H         LINE#         289
  C:12AAH         LINE#         290
  C:12B9H         LINE#         293
  C:12DEH         LINE#         295
  C:12DEH         LINE#         296
  C:12E1H         LINE#         297
  C:12E2H         LINE#         298
  C:12E3H         LINE#         299
  C:12E5H         LINE#         300
  C:12E5H         LINE#         301
  C:12E7H         LINE#         302
  C:12E7H         LINE#         303
  C:12E7H         LINE#         304
  C:12EAH         LINE#         305
  C:12EBH         LINE#         306
  C:12ECH         LINE#         307
  C:12EEH         LINE#         308
  C:12EEH         LINE#         309
  C:12F0H         LINE#         310
  C:12F0H         LINE#         311
  C:12F0H         LINE#         312
  C:12F3H         LINE#         313
  C:12F4H         LINE#         314
BL51 BANKED LINKER/LOCATER V6.22                                                      03/25/2019  21:43:25  PAGE 26


  C:12F5H         LINE#         315
  C:12F7H         LINE#         316
  C:12F7H         LINE#         317
  C:12F9H         LINE#         318
  C:12F9H         LINE#         319
  C:12F9H         LINE#         320
  C:12FCH         LINE#         321
  C:12FDH         LINE#         322
  C:12FEH         LINE#         323
  C:1300H         LINE#         324
  C:1300H         LINE#         325
  C:1302H         LINE#         326
  C:1302H         LINE#         327
  C:1302H         LINE#         328
  C:1305H         LINE#         329
  C:1306H         LINE#         330
  C:1307H         LINE#         331
  C:1309H         LINE#         332
  C:1309H         LINE#         333
  C:130BH         LINE#         334
  C:130BH         LINE#         335
  C:130BH         LINE#         336
  C:130EH         LINE#         337
  C:130FH         LINE#         338
  C:1310H         LINE#         339
  C:1312H         LINE#         340
  C:1312H         LINE#         341
  C:1314H         LINE#         342
  C:1314H         LINE#         343
  C:1314H         LINE#         344
  C:1317H         LINE#         345
  C:1318H         LINE#         346
  C:1319H         LINE#         347
  C:131BH         LINE#         348
  C:131BH         LINE#         349
  C:131DH         LINE#         350
  C:131DH         LINE#         351
  C:131DH         LINE#         352
  C:1320H         LINE#         353
  C:1321H         LINE#         354
  C:1322H         LINE#         355
  C:1324H         LINE#         356
  C:1327H         LINE#         357
  C:1327H         LINE#         358
  C:1327H         LINE#         360
  C:1327H         LINE#         361
  C:1327H         LINE#         362
  C:1327H         LINE#         364
  C:1329H         LINE#         366
  -------         ENDPROC       _HW_GPIO_DIGITALREAD
  -------         ENDMOD        HW_GPIOCTL51

  -------         MODULE        HW_PWM
  C:0000H         SYMBOL        _ICE_DUMMY_
  D:0080H         PUBLIC        P0
  D:0090H         PUBLIC        P1
  D:00A0H         PUBLIC        P2
BL51 BANKED LINKER/LOCATER V6.22                                                      03/25/2019  21:43:25  PAGE 27


  D:00B0H         PUBLIC        P3
  D:00C0H         PUBLIC        P4
  D:00C8H         PUBLIC        P5
  D:00E8H         PUBLIC        P6
  D:00F8H         PUBLIC        P7
  X:01EDH         SYMBOL        G_ServoCtlPin
  D:00A8H         PUBLIC        IE
  X:01EEH         SYMBOL        G_ServoPulCnt
  C:1D94H         PUBLIC        resetServoPulCnt
  D:00B8H         PUBLIC        IP
  D:00D8H         PUBLIC        CCON
  C:1DA3H         PUBLIC        _setServoCtlPin
  C:1185H         PUBLIC        _ServoPwmInterruptProc
  D:0098H         PUBLIC        SCON
  D:0088H         PUBLIC        TCON
  D:00F0H         PUBLIC        B
  D:00E0H         PUBLIC        ACC
  X:01F0H         SYMBOL        G_ServoPulseWidth
  C:19F5H         PUBLIC        _uartCmdProc
  C:1D50H         PUBLIC        _setServoPulseWidth
  D:00D0H         PUBLIC        PSW
  -------         PROC          RESETSERVOPULCNT
  C:1D94H         LINE#         32
  C:1D94H         LINE#         33
  C:1D94H         LINE#         34
  C:1D9BH         LINE#         35
  -------         ENDPROC       RESETSERVOPULCNT
  C:1D4BH         SYMBOL        L?0024
  -------         PROC          L?0023
  -------         ENDPROC       L?0023
  C:1D4BH         SYMBOL        L?0024
  -------         PROC          _SETSERVOPULSEWIDTH
  D:0006H         SYMBOL        cnt
  C:1D50H         LINE#         37
  C:1D50H         LINE#         38
  C:1D50H         LINE#         39
  C:1D58H         LINE#         40
  -------         ENDPROC       _SETSERVOPULSEWIDTH
  -------         PROC          _SETSERVOCTLPIN
  D:0007H         SYMBOL        pin
  C:1DA3H         LINE#         42
  C:1DA3H         LINE#         43
  C:1DA3H         LINE#         44
  C:1DA8H         LINE#         45
  -------         ENDPROC       _SETSERVOCTLPIN
  -------         PROC          _SERVOPWMINTERRUPTPROC
  X:0155H         SYMBOL        timerx
  -------         DO            
  X:01E8H         SYMBOL        timeCnt
  -------         ENDDO         
  C:1185H         LINE#         48
  C:118AH         LINE#         49
  C:118AH         LINE#         52
  C:11A9H         LINE#         54
  C:11A9H         LINE#         58
  C:11A9H         LINE#         61
  C:11A9H         LINE#         63
BL51 BANKED LINKER/LOCATER V6.22                                                      03/25/2019  21:43:25  PAGE 28


  C:11C4H         LINE#         65
  C:11CEH         LINE#         66
  C:11CEH         LINE#         71
  C:11E8H         LINE#         73
  C:11ECH         LINE#         75
  C:11EEH         LINE#         77
  C:11F4H         LINE#         79
  C:11F4H         LINE#         81
  C:1202H         LINE#         82
  C:1211H         LINE#         84
  C:1215H         LINE#         85
  C:1215H         LINE#         88
  -------         ENDPROC       _SERVOPWMINTERRUPTPROC
  -------         PROC          _UARTCMDPROC
  D:0001H         SYMBOL        uartData
  -------         DO            
  X:01ECH         SYMBOL        servoPulseWidth
  D:0001H         SYMBOL        command
  -------         ENDDO         
  C:19F5H         LINE#         91
  C:19F5H         LINE#         92
  C:19F5H         LINE#         94
  C:19F5H         LINE#         96
  C:1A04H         LINE#         98
  C:1A04H         LINE#         99
  C:1A04H         LINE#         100
  C:1A0AH         LINE#         101
  C:1A10H         LINE#         103
  C:1A12H         LINE#         104
  C:1A15H         LINE#         105
  C:1A15H         LINE#         106
  C:1A15H         LINE#         107
  C:1A17H         LINE#         108
  C:1A17H         LINE#         109
  C:1A17H         LINE#         110
  C:1A17H         LINE#         111
  C:1A1DH         LINE#         112
  C:1A23H         LINE#         114
  C:1A25H         LINE#         115
  C:1A28H         LINE#         116
  C:1A28H         LINE#         117
  C:1A28H         LINE#         118
  C:1A2AH         LINE#         119
  C:1A2AH         LINE#         120
  C:1A2AH         LINE#         121
  C:1A2AH         LINE#         122
  C:1A2FH         LINE#         123
  C:1A32H         LINE#         124
  C:1A35H         LINE#         125
  C:1A35H         LINE#         126
  C:1A35H         LINE#         127
  C:1A35H         LINE#         128
  C:1A35H         LINE#         129
  C:1A35H         LINE#         130
  C:1A35H         LINE#         131
  C:1A35H         LINE#         133
  -------         ENDPROC       _UARTCMDPROC
BL51 BANKED LINKER/LOCATER V6.22                                                      03/25/2019  21:43:25  PAGE 29


  -------         ENDMOD        HW_PWM

  -------         MODULE        HW_SERIAL
  C:0000H         SYMBOL        _ICE_DUMMY_
  D:0092H         PUBLIC        P1M0
  D:0091H         PUBLIC        P1M1
  D:0080H         PUBLIC        P0
  D:0090H         PUBLIC        P1
  D:00B4H         PUBLIC        P4M0
  D:00A0H         PUBLIC        P2
  C:1784H         PUBLIC        _HW_serialRead
  D:00B3H         PUBLIC        P4M1
  D:00B0H         PUBLIC        P3
  D:00C0H         PUBLIC        P4
  D:00C8H         PUBLIC        P5
  D:00E8H         PUBLIC        P6
  B:0021H.1       PUBLIC        B_TX2_Busy
  D:00F8H         PUBLIC        P7
  D:00A2H         PUBLIC        P_SW1
  D:00BAH         PUBLIC        P_SW2
  D:00A8H         PUBLIC        IE
  X:0000H         PUBLIC        COM1
  X:0007H         PUBLIC        COM2
  C:1AB3H         PUBLIC        _HW_serialWrite
  C:1C05H         PUBLIC        _SetTimer2Baudraye
  B:00A8H.4       PUBLIC        ES
  D:00B8H         PUBLIC        IP
  I:0022H         PUBLIC        RX1_Buffer
  X:000EH         PUBLIC        RX2_Buffer
  B:0098H.0       PUBLIC        RI
  C:13A8H         PUBLIC        UART1_int
  I:004AH         PUBLIC        TX1_Buffer
  C:1A36H         PUBLIC        UART2_int
  X:008EH         PUBLIC        TX2_Buffer
  B:0098H.1       PUBLIC        TI
  B:00B8H.4       PUBLIC        PS
  D:00D8H         PUBLIC        CCON
  D:0099H         PUBLIC        SBUF
  D:0087H         PUBLIC        PCON
  D:0098H         PUBLIC        SCON
  D:0089H         PUBLIC        TMOD
  D:0088H         PUBLIC        TCON
  C:1CBEH         PUBLIC        _PrintString1
  C:1C1DH         PUBLIC        _PrintString2
  D:00AFH         PUBLIC        IE2
  D:00F0H         PUBLIC        B
  D:008EH         PUBLIC        AUXR
  C:1BCDH         PUBLIC        _TX1_write2buff
  D:00E0H         PUBLIC        ACC
  C:1419H         PUBLIC        _UART2_config
  B:00A8H.3       PUBLIC        ET1
  D:008DH         PUBLIC        TH1
  D:00D6H         PUBLIC        TH2
  D:008BH         PUBLIC        TL1
  D:00D7H         PUBLIC        TL2
  C:0A72H         PUBLIC        _USART_Configuration
  B:0088H.6       PUBLIC        TR1
BL51 BANKED LINKER/LOCATER V6.22                                                      03/25/2019  21:43:25  PAGE 30


  X:010EH         PUBLIC        TX2_read
  C:1737H         PUBLIC        _HW_serialConfig
  D:009BH         PUBLIC        S2BUF
  D:0097H         PUBLIC        PCON2
  B:0098H.4       PUBLIC        REN
  D:009AH         PUBLIC        S2CON
  X:010FH         PUBLIC        RX2_write
  D:008FH         PUBLIC        INT_CLKO
  D:00D0H         PUBLIC        PSW
  C:1DA9H         PUBLIC        _putchar
  C:0DEBH         SYMBOL        Com0073
  C:0DEBH         SYMBOL        L?0116
  C:0E0DH         SYMBOL        L?0117
  C:0E10H         SYMBOL        L?0118
  C:0E19H         SYMBOL        L?0119
  C:0E27H         SYMBOL        L?0120
  C:0E3AH         SYMBOL        L?0121
  C:0E5AH         SYMBOL        L?0122
  C:0E66H         SYMBOL        L?0123
  C:0E75H         SYMBOL        L?0124
  C:0E8BH         SYMBOL        L?0125
  C:0EA0H         SYMBOL        L?0126
  C:0EA3H         SYMBOL        L?0127
  C:0EACH         SYMBOL        L?0128
  C:0EB2H         SYMBOL        L?0129
  C:0EB9H         SYMBOL        L?0130
  C:0EB9H         SYMBOL        L?0131
  C:0EC0H         SYMBOL        L?0132
  C:0EC0H         SYMBOL        L?0133
  C:0EC6H         SYMBOL        L?0134
  C:0ED1H         SYMBOL        L?0135
  C:0EDBH         SYMBOL        L?0136
  -------         PROC          COM0073
  -------         ENDPROC       COM0073
  -------         PROC          _USART_CONFIGURATION
  X:0167H         SYMBOL        UARTx
  X:0168H         SYMBOL        COMx
  -------         DO            
  X:016BH         SYMBOL        i
  X:016CH         SYMBOL        j
  -------         ENDDO         
  C:0A72H         LINE#         36
  C:0A7DH         LINE#         37
  C:0A7DH         LINE#         41
  C:0A84H         LINE#         42
  C:0A84H         LINE#         43
  C:0A88H         LINE#         44
  C:0A88H         LINE#         45
  C:0A88H         LINE#         46
  C:0A88H         LINE#         47
  C:0A88H         LINE#         48
  C:0A88H         LINE#         49
  C:0A8BH         LINE#         50
  C:0AA1H         LINE#         51
  C:0AB8H         LINE#         53
  C:0AC6H         LINE#         54
  C:0AD3H         LINE#         55
BL51 BANKED LINKER/LOCATER V6.22                                                      03/25/2019  21:43:25  PAGE 31


  C:0AD5H         LINE#         56
  C:0AE0H         LINE#         57
  C:0AEAH         LINE#         58
  C:0AEAH         LINE#         59
  C:0AEAH         LINE#         60
  C:0AF6H         LINE#         61
  C:0AF6H         LINE#         62
  C:0AFEH         LINE#         63
  C:0AFEH         LINE#         64
  C:0AFEH         LINE#         65
  C:0AFEH         LINE#         66
  C:0AFEH         LINE#         67
  C:0AFEH         LINE#         68
  C:0AFEH         LINE#         69
  C:0B01H         LINE#         70
  C:0B01H         LINE#         71
  C:0B01H         LINE#         72
  C:0B01H         LINE#         73
  C:0B01H         LINE#         74
  C:0B04H         LINE#         75
  C:0B06H         LINE#         76
  C:0B0BH         LINE#         77
  C:0B0BH         LINE#         78
  C:0B0BH         LINE#         79
  C:0B0BH         LINE#         80
  C:0B0BH         LINE#         81
  C:0B0EH         LINE#         82
  C:0B11H         LINE#         83
  C:0B11H         LINE#         84
  C:0B11H         LINE#         85
  C:0B11H         LINE#         86
  C:0B14H         LINE#         87
  C:0B16H         LINE#         88
  C:0B19H         LINE#         89
  C:0B19H         LINE#         90
  C:0B22H         LINE#         91
  C:0B22H         LINE#         92
  C:0B2DH         LINE#         93
  C:0B30H         LINE#         94
  C:0B32H         LINE#         95
  C:0B36H         LINE#         96
  C:0B36H         LINE#         97
  C:0B41H         LINE#         98
  C:0B44H         LINE#         99
  C:0B44H         LINE#         100
  C:0B54H         LINE#         101
  C:0B56H         LINE#         102
  C:0B63H         LINE#         103
  C:0B65H         LINE#         104
  C:0B6FH         LINE#         105
  C:0B7DH         LINE#         106
  C:0B80H         LINE#         107
  C:0B83H         LINE#         108
  C:0B8EH         LINE#         110
  C:0B93H         LINE#         111
  C:0B93H         LINE#         112
  C:0B93H         LINE#         113
BL51 BANKED LINKER/LOCATER V6.22                                                      03/25/2019  21:43:25  PAGE 32


  C:0B93H         LINE#         114
  C:0B93H         LINE#         115
  C:0B93H         LINE#         116
  C:0B96H         LINE#         117
  C:0BAEH         LINE#         118
  C:0BC7H         LINE#         120
  C:0BD5H         LINE#         121
  C:0BE2H         LINE#         122
  C:0BE4H         LINE#         123
  C:0BEFH         LINE#         124
  C:0BF9H         LINE#         125
  C:0BF9H         LINE#         126
  C:0BF9H         LINE#         127
  C:0C05H         LINE#         128
  C:0C05H         LINE#         129
  C:0C0DH         LINE#         130
  C:0C0DH         LINE#         131
  C:0C0DH         LINE#         132
  C:0C0DH         LINE#         133
  C:0C0DH         LINE#         134
  C:0C0DH         LINE#         135
  C:0C0DH         LINE#         136
  C:0C10H         LINE#         137
  C:0C10H         LINE#         138
  C:0C10H         LINE#         139
  C:0C10H         LINE#         140
  C:0C10H         LINE#         141
  C:0C13H         LINE#         142
  C:0C15H         LINE#         143
  C:0C1AH         LINE#         144
  C:0C1AH         LINE#         145
  C:0C1AH         LINE#         146
  C:0C1AH         LINE#         147
  C:0C1AH         LINE#         148
  C:0C1DH         LINE#         149
  C:0C20H         LINE#         150
  C:0C20H         LINE#         151
  C:0C20H         LINE#         152
  C:0C20H         LINE#         153
  C:0C23H         LINE#         154
  C:0C25H         LINE#         155
  C:0C28H         LINE#         156
  C:0C28H         LINE#         157
  C:0C31H         LINE#         158
  C:0C31H         LINE#         159
  C:0C3CH         LINE#         160
  C:0C3FH         LINE#         161
  C:0C41H         LINE#         162
  C:0C45H         LINE#         163
  C:0C45H         LINE#         164
  C:0C50H         LINE#         165
  C:0C53H         LINE#         166
  C:0C53H         LINE#         167
  C:0C63H         LINE#         168
  C:0C65H         LINE#         169
  C:0C72H         LINE#         170
  C:0C74H         LINE#         171
BL51 BANKED LINKER/LOCATER V6.22                                                      03/25/2019  21:43:25  PAGE 33


  C:0C7EH         LINE#         172
  C:0C8CH         LINE#         173
  C:0C8FH         LINE#         174
  C:0C92H         LINE#         176
  C:0C92H         LINE#         177
  C:0C94H         LINE#         178
  -------         ENDPROC       _USART_CONFIGURATION
  -------         PROC          _TX1_WRITE2BUFF
  D:0007H         SYMBOL        dat
  C:1BCDH         LINE#         183
  C:1BCDH         LINE#         184
  C:1BCDH         LINE#         185
  C:1BD6H         LINE#         186
  C:1BE0H         LINE#         188
  C:1BE6H         LINE#         189
  C:1BE6H         LINE#         190
  C:1BE8H         LINE#         191
  C:1BEAH         LINE#         192
  C:1BEAH         LINE#         193
  -------         ENDPROC       _TX1_WRITE2BUFF
  -------         PROC          _PRINTSTRING1
  D:0001H         SYMBOL        puts
  C:1CBEH         LINE#         210
  C:1CBEH         LINE#         211
  C:1CBEH         LINE#         212
  C:1CD0H         LINE#         213
  -------         ENDPROC       _PRINTSTRING1
  -------         PROC          _SETTIMER2BAUDRAYE
  D:0004H         SYMBOL        dat
  C:1C05H         LINE#         225
  C:1C09H         LINE#         226
  C:1C09H         LINE#         227
  C:1C0CH         LINE#         228
  C:1C0CH         LINE#         229
  C:1C0FH         LINE#         230
  C:1C12H         LINE#         231
  C:1C16H         LINE#         232
  C:1C19H         LINE#         233
  C:1C1CH         LINE#         234
  -------         ENDPROC       _SETTIMER2BAUDRAYE
  -------         PROC          _UART2_CONFIG
  X:0215H         SYMBOL        brt
  X:0219H         SYMBOL        timer
  X:021AH         SYMBOL        io
  C:1419H         LINE#         236
  C:141FH         LINE#         237
  C:141FH         LINE#         238
  C:1444H         LINE#         239
  C:1448H         LINE#         240
  C:1455H         LINE#         242
  C:1458H         LINE#         243
  C:145BH         LINE#         244
  C:145EH         LINE#         245
  C:1470H         LINE#         246
  C:1479H         LINE#         248
  C:147EH         LINE#         249
  -------         ENDPROC       _UART2_CONFIG
BL51 BANKED LINKER/LOCATER V6.22                                                      03/25/2019  21:43:25  PAGE 34


  -------         PROC          _PRINTSTRING2
  D:0001H         SYMBOL        puts
  C:1C1DH         LINE#         251
  C:1C1DH         LINE#         252
  C:1C1DH         LINE#         253
  C:1C22H         LINE#         254
  C:1C22H         LINE#         255
  C:1C24H         LINE#         256
  C:1C26H         LINE#         257
  C:1C29H         LINE#         258
  C:1C32H         LINE#         259
  -------         ENDPROC       _PRINTSTRING2
  -------         PROC          _PUTCHAR
  D:0006H         SYMBOL        c
  C:1DA9H         LINE#         262
  C:1DABH         LINE#         263
  C:1DABH         LINE#         264
  C:1DAEH         LINE#         265
  C:1DAEH         LINE#         266
  -------         ENDPROC       _PUTCHAR
  -------         PROC          UART1_INT
  C:13A8H         LINE#         270
  C:13B9H         LINE#         272
[...]
  -------         DO            
  X:015AH         SYMBOL        COMx_InitStructure
  -------         ENDDO         
  C:1737H         LINE#         323
  C:1739H         LINE#         324
  C:1739H         LINE#         326
  C:173FH         LINE#         327
  C:1743H         LINE#         328
  C:1757H         LINE#         329
  C:175DH         LINE#         330
  C:1760H         LINE#         331
  C:1763H         LINE#         332
  C:1766H         LINE#         334
  C:176AH         LINE#         336
  C:176DH         LINE#         337
  C:176FH         LINE#         339
  C:1774H         LINE#         340
  C:1774H         LINE#         342
  C:1779H         LINE#         343
  -------         ENDPROC       _HW_SERIALCONFIG
  -------         PROC          _HW_SERIALREAD
  X:01F2H         SYMBOL        UARTx
  X:01F3H         SYMBOL        wdata
  X:01F6H         SYMBOL        wsize
  X:01F8H         SYMBOL        timeout
  -------         DO            
  X:01FAH         SYMBOL        readx
  D:0004H         SYMBOL        i
  -------         ENDDO         
  C:1784H         LINE#         348
  C:178AH         LINE#         349
  C:178AH         LINE#         350
  C:1791H         LINE#         351
  C:1793H         LINE#         352
  C:179CH         LINE#         353
  C:179CH         LINE#         354
  C:17A1H         LINE#         355
  C:17A1H         LINE#         356
  C:17AAH         LINE#         357
  C:17AAH         LINE#         358
  C:17C7H         LINE#         359
  C:17C7H         LINE#         360
  C:17CCH         LINE#         361
  C:17CCH         LINE#         362
  C:17CCH         LINE#         400
  C:17CFH         LINE#         402
  -------         ENDPROC       _HW_SERIALREAD
  -------         PROC          _HW_SERIALWRITE
  X:021BH         SYMBOL        UARTx
  X:021CH         SYMBOL        wdata
  X:021FH         SYMBOL        wsize
  -------         DO            
BL51 BANKED LINKER/LOCATER V6.22                                                      03/25/2019  21:43:25  PAGE 36


  D:0004H         SYMBOL        i
  -------         ENDDO         
  C:1AB3H         LINE#         404
  C:1AB9H         LINE#         405
  C:1AB9H         LINE#         406
  C:1ABCH         LINE#         408
  C:1AC9H         LINE#         410
  C:1AD0H         LINE#         412
  C:1ADFH         LINE#         413
  C:1ADFH         LINE#         414
  C:1ADFH         LINE#         417
  C:1ADFH         LINE#         419
  C:1AE6H         LINE#         421
  C:1AEAH         LINE#         422
  -------         ENDPROC       _HW_SERIALWRITE
  -------         ENDMOD        HW_SERIAL

  -------         MODULE        HW_TIMER
  C:0000H         SYMBOL        _ICE_DUMMY_
  D:0080H         PUBLIC        P0
  D:0090H         PUBLIC        P1
  D:00A0H         PUBLIC        P2
  D:00B0H         PUBLIC        P3
  D:00C0H         PUBLIC        P4
  D:00C8H         PUBLIC        P5
  D:00E8H         PUBLIC        P6
  D:00F8H         PUBLIC        P7
  D:00A8H         PUBLIC        IE
  D:00B8H         PUBLIC        IP
  D:00D8H         PUBLIC        CCON
  D:0098H         PUBLIC        SCON
  D:0089H         PUBLIC        TMOD
  D:0088H         PUBLIC        TCON
  C:0C95H         PUBLIC        _Timer_Inilize
  D:00AFH         PUBLIC        IE2
  D:00F0H         PUBLIC        B
  D:008EH         PUBLIC        AUXR
  D:00E0H         PUBLIC        ACC
  B:00A8H.1       PUBLIC        ET0
  B:00A8H.3       PUBLIC        ET1
  D:008CH         PUBLIC        TH0
  D:008DH         PUBLIC        TH1
  C:1A76H         PUBLIC        Time0_Int
  D:00D6H         PUBLIC        TH2
  C:17D0H         PUBLIC        Time1_Int
  C:18EAH         PUBLIC        Time2_Int
  D:008AH         PUBLIC        TL0
  C:192DH         PUBLIC        Time3_Int
  D:008BH         PUBLIC        TL1
  C:1970H         PUBLIC        Time4_Int
  D:00D7H         PUBLIC        TL2
  B:00B8H.1       PUBLIC        PT0
  B:00B8H.3       PUBLIC        PT1
  B:0088H.4       PUBLIC        TR0
  B:0088H.6       PUBLIC        TR1
  C:1AEBH         PUBLIC        _HW_Timer_config
  D:008FH         PUBLIC        INT_CLKO
BL51 BANKED LINKER/LOCATER V6.22                                                      03/25/2019  21:43:25  PAGE 37


  D:00D0H         PUBLIC        PSW
  C:1B8EH         SYMBOL        Com0032
  C:1B8EH         SYMBOL        L?0051
  C:1B91H         SYMBOL        L?0052
  C:1B97H         SYMBOL        L?0053
  C:1B97H         SYMBOL        L?0054
  C:1B9DH         SYMBOL        L?0055
  C:1B9DH         SYMBOL        L?0056
  C:1BA3H         SYMBOL        L?0057
  C:1BA3H         SYMBOL        L?0058
  C:1BA9H         SYMBOL        L?0059
  C:1BA9H         SYMBOL        L?0060
  -------         PROC          COM0032
  -------         ENDPROC       COM0032
  -------         PROC          TIME0_INT
  C:1A76H         LINE#         57
  C:1A93H         LINE#         61
  C:1A98H         LINE#         64
  -------         ENDPROC       TIME0_INT
  -------         PROC          TIME1_INT
  C:17D0H         LINE#         66
  C:17EDH         LINE#         69
  C:17F3H         LINE#         73
  C:17F3H         LINE#         75
  C:17FCH         LINE#         76
  C:1801H         LINE#         79
  -------         ENDPROC       TIME1_INT
  -------         PROC          TIME2_INT
  C:18EAH         LINE#         81
  C:1907H         LINE#         84
  C:190DH         LINE#         88
  C:190DH         LINE#         90
  C:1912H         LINE#         93
  -------         ENDPROC       TIME2_INT
  -------         PROC          TIME3_INT
  C:192DH         LINE#         95
  C:194AH         LINE#         98
  C:1950H         LINE#         102
  C:1950H         LINE#         104
  C:1955H         LINE#         107
  -------         ENDPROC       TIME3_INT
  -------         PROC          TIME4_INT
  C:1970H         LINE#         109
  C:198DH         LINE#         112
  C:1993H         LINE#         116
  C:1993H         LINE#         118
  C:1998H         LINE#         121
  -------         ENDPROC       TIME4_INT
  -------         PROC          _TIMER_INILIZE
  D:0005H         SYMBOL        TIM
  D:0001H         SYMBOL        TIMx
  C:0C95H         LINE#         131
  C:0C97H         LINE#         132
  C:0C97H         LINE#         133
  C:0CA0H         LINE#         135
  C:0CA3H         LINE#         136
  C:0CA3H         LINE#         137
BL51 BANKED LINKER/LOCATER V6.22                                                      03/25/2019  21:43:25  PAGE 38


  C:0CA5H         LINE#         138
  C:0CAFH         LINE#         139
  C:0CB1H         LINE#         140
  C:0CBEH         LINE#         141
  C:0CC0H         LINE#         142
  C:0CCCH         LINE#         143
  C:0CD0H         LINE#         144
  C:0CDAH         LINE#         145
  C:0CE0H         LINE#         146
  C:0CE9H         LINE#         147
  C:0CECH         LINE#         148
  C:0CF7H         LINE#         149
  C:0CFAH         LINE#         151
  C:0D01H         LINE#         152
  C:0D06H         LINE#         153
  C:0D0EH         LINE#         154
  C:0D11H         LINE#         155
  C:0D11H         LINE#         157
  C:0D16H         LINE#         158
  C:0D16H         LINE#         159
  C:0D18H         LINE#         160
  C:0D22H         LINE#         161
  C:0D24H         LINE#         162
  C:0D31H         LINE#         163
  C:0D33H         LINE#         164
  C:0D3FH         LINE#         165
  C:0D43H         LINE#         166
  C:0D4DH         LINE#         167
  C:0D53H         LINE#         168
  C:0D5CH         LINE#         169
  C:0D5FH         LINE#         170
  C:0D6AH         LINE#         171
  C:0D6DH         LINE#         173
  C:0D74H         LINE#         174
  C:0D79H         LINE#         175
  C:0D81H         LINE#         176
  C:0D84H         LINE#         177
  C:0D84H         LINE#         179
  C:0D89H         LINE#         180
  C:0D89H         LINE#         181
  C:0D8CH         LINE#         182
  C:0D97H         LINE#         183
  C:0D9AH         LINE#         184
  C:0DA6H         LINE#         185
  C:0DADH         LINE#         186
  C:0DB5H         LINE#         187
  C:0DC0H         LINE#         188
  C:0DC3H         LINE#         189
  C:0DCEH         LINE#         190
  C:0DD1H         LINE#         192
  C:0DDAH         LINE#         193
  C:0DDCH         LINE#         194
  C:0DE5H         LINE#         195
  C:0DE8H         LINE#         196
  C:0DE8H         LINE#         197
  C:0DEAH         LINE#         198
  -------         ENDPROC       _TIMER_INILIZE
BL51 BANKED LINKER/LOCATER V6.22                                                      03/25/2019  21:43:25  PAGE 39


  -------         PROC          _HW_TIMER_CONFIG
  X:015BH         SYMBOL        timerx
  X:015CH         SYMBOL        preCnt
  -------         DO            
  X:015EH         SYMBOL        TIM_InitStructure
  D:0007H         SYMBOL        ret
  -------         ENDDO         
  C:1AEBH         LINE#         201
  C:1AF6H         LINE#         202
  C:1AF6H         LINE#         204
  C:1AF6H         LINE#         217
  C:1AF9H         LINE#         218
  C:1AFBH         LINE#         219
  C:1AFEH         LINE#         220
  C:1B01H         LINE#         221
  C:1B04H         LINE#         222
  C:1B0CH         LINE#         223
  C:1B10H         LINE#         224
  C:1B1AH         LINE#         246
  C:1B1AH         LINE#         248
  -------         ENDPROC       _HW_TIMER_CONFIG
  -------         ENDMOD        HW_TIMER

  -------         MODULE        DELAY
  C:0000H         SYMBOL        _ICE_DUMMY_
  D:0080H         PUBLIC        P0
  D:0090H         PUBLIC        P1
  D:00A0H         PUBLIC        P2
  D:00B0H         PUBLIC        P3
  D:00C0H         PUBLIC        P4
  D:00C8H         PUBLIC        P5
  D:00E8H         PUBLIC        P6
  D:00F8H         PUBLIC        P7
  D:00A8H         PUBLIC        IE
  D:00B8H         PUBLIC        IP
  D:00D8H         PUBLIC        CCON
  D:0098H         PUBLIC        SCON
  D:0088H         PUBLIC        TCON
  D:00F0H         PUBLIC        B
  D:00E0H         PUBLIC        ACC
  C:1D03H         PUBLIC        _delay_ms
  D:00D0H         PUBLIC        PSW
  -------         PROC          _DELAY_MS
  D:0007H         SYMBOL        ms
  -------         DO            
  D:0004H         SYMBOL        i
  -------         ENDDO         
  C:1D03H         LINE#         34
  C:1D03H         LINE#         35
  C:1D03H         LINE#         38
  C:1D03H         LINE#         40
  C:1D07H         LINE#         47
  C:1D10H         LINE#         48
  C:1D12H         LINE#         49
  -------         ENDPROC       _DELAY_MS
  -------         ENDMOD        DELAY

BL51 BANKED LINKER/LOCATER V6.22                                                      03/25/2019  21:43:25  PAGE 40


  -------         MODULE        ?C?COPY
  C:0176H         PUBLIC        ?C?COPY
  -------         ENDMOD        ?C?COPY

  -------         MODULE        ?C?CLDPTR
  C:019CH         PUBLIC        ?C?CLDPTR
  -------         ENDMOD        ?C?CLDPTR

  -------         MODULE        ?C?CLDOPTR
  C:01B5H         PUBLIC        ?C?CLDOPTR
  -------         ENDMOD        ?C?CLDOPTR

  -------         MODULE        ?C?UIDIV
  C:01E2H         PUBLIC        ?C?UIDIV
  -------         ENDMOD        ?C?UIDIV

  -------         MODULE        ?C?SIDIV
  C:0237H         PUBLIC        ?C?SIDIV
  -------         ENDMOD        ?C?SIDIV

  -------         MODULE        ?C?IILDX
  C:026DH         PUBLIC        ?C?IILDX
  -------         ENDMOD        ?C?IILDX

  -------         MODULE        ?C?ILDOPTR
  C:0283H         PUBLIC        ?C?ILDOPTR
  -------         ENDMOD        ?C?ILDOPTR

  -------         MODULE        ?C?ULDIV
  C:02F7H         PUBLIC        ?C?ULDIV
  -------         ENDMOD        ?C?ULDIV

  -------         MODULE        ?C?ULCMP
  C:0389H         PUBLIC        ?C?ULCMP
  -------         ENDMOD        ?C?ULCMP

  -------         MODULE        ?C?ULSHR
  C:039AH         PUBLIC        ?C?ULSHR
  -------         ENDMOD        ?C?ULSHR

  -------         MODULE        ?C?LLDOPTR0
  C:03ADH         PUBLIC        ?C?LLDOPTR0
  -------         ENDMOD        ?C?LLDOPTR0

  -------         MODULE        ?C?LSTXDATA
  C:03DDH         PUBLIC        ?C?LSTXDATA
  -------         ENDMOD        ?C?LSTXDATA

  -------         MODULE        ?C?LSTKXDATA
  C:03E9H         PUBLIC        ?C?LSTKXDATA
  -------         ENDMOD        ?C?LSTKXDATA

  -------         MODULE        ?C?ICALL
  C:041AH         PUBLIC        ?C?ICALL
  C:041EH         PUBLIC        ?C?ICALL2
  -------         ENDMOD        ?C?ICALL

BL51 BANKED LINKER/LOCATER V6.22                                                      03/25/2019  21:43:25  PAGE 41


  -------         MODULE        PRINTF
  X:0111H         PUBLIC        ?_PRINTF517?BYTE
  X:0111H         PUBLIC        ?_PRINTF?BYTE
  X:0111H         PUBLIC        ?_SPRINTF517?BYTE
  X:0111H         PUBLIC        ?_SPRINTF?BYTE
  C:0519H         PUBLIC        _PRINTF
  C:0519H         PUBLIC        _PRINTF517
  C:0513H         PUBLIC        _SPRINTF
  C:0513H         PUBLIC        _SPRINTF517
  -------         ENDMOD        PRINTF

  -------         MODULE        ?C?CSTPTR
  C:0420H         PUBLIC        ?C?CSTPTR
  -------         ENDMOD        ?C?CSTPTR

  -------         MODULE        ?C?LLDIDATA0
  C:0432H         PUBLIC        ?C?LLDIDATA0
  -------         ENDMOD        ?C?LLDIDATA0

  -------         MODULE        ?C?LLDXDATA0
  C:043FH         PUBLIC        ?C?LLDXDATA0
  -------         ENDMOD        ?C?LLDXDATA0

  -------         MODULE        ?C?LLDPDATA0
  C:044BH         PUBLIC        ?C?LLDPDATA0
  -------         ENDMOD        ?C?LLDPDATA0

  -------         MODULE        ?C?LLDCODE0
  C:0458H         PUBLIC        ?C?LLDCODE0
  -------         ENDMOD        ?C?LLDCODE0

  -------         MODULE        ?C?PLDIXDATA
  C:0468H         PUBLIC        ?C?PLDIXDATA
  -------         ENDMOD        ?C?PLDIXDATA

  -------         MODULE        ?C?PSTXDATA
  C:047FH         PUBLIC        ?C?PSTXDATA
  -------         ENDMOD        ?C?PSTXDATA

  -------         MODULE        ?C?CCASE
  C:0488H         PUBLIC        ?C?CCASE
  -------         ENDMOD        ?C?CCASE

*** WARNING L16: UNCALLED SEGMENT, IGNORED FOR OVERLAY PROCESS
    SEGMENT: ?PR?CARINIT?CARCTL

*** WARNING L16: UNCALLED SEGMENT, IGNORED FOR OVERLAY PROCESS
    SEGMENT: ?PR?CARFORWARD?CARCTL

*** WARNING L16: UNCALLED SEGMENT, IGNORED FOR OVERLAY PROCESS
    SEGMENT: ?PR?CARBACK?CARCTL

*** WARNING L16: UNCALLED SEGMENT, IGNORED FOR OVERLAY PROCESS
    SEGMENT: ?PR?CARSTOP?CARCTL

*** WARNING L16: UNCALLED SEGMENT, IGNORED FOR OVERLAY PROCESS
    SEGMENT: ?PR?CARTURNLEFT?CARCTL
BL51 BANKED LINKER/LOCATER V6.22                                                      03/25/2019  21:43:25  PAGE 42



*** WARNING L16: UNCALLED SEGMENT, IGNORED FOR OVERLAY PROCESS
    SEGMENT: ?PR?CARTURNRIGHT?CARCTL

*** WARNING L16: UNCALLED SEGMENT, IGNORED FOR OVERLAY PROCESS
    SEGMENT: ?PR?_INITIR?IR

*** WARNING L16: UNCALLED SEGMENT, IGNORED FOR OVERLAY PROCESS
    SEGMENT: ?PR?_GETIRSTARTUS?IR

*** WARNING L16: UNCALLED SEGMENT, IGNORED FOR OVERLAY PROCESS
    SEGMENT: ?PR?_ANALOGWRITE_COMMON?PINCTL

*** WARNING L16: UNCALLED SEGMENT, IGNORED FOR OVERLAY PROCESS
    SEGMENT: ?PR?RESETFIELDS?SERVOCOMMON

*** WARNING L16: UNCALLED SEGMENT, IGNORED FOR OVERLAY PROCESS
    SEGMENT: ?PR?SERVOREADMICROSECONDS?SERVOCOMMON

*** WARNING L16: UNCALLED SEGMENT, IGNORED FOR OVERLAY PROCESS
    SEGMENT: ?PR?_SERVOWRITEMICROSECONDS?SERVOCOMMON

*** WARNING L16: UNCALLED SEGMENT, IGNORED FOR OVERLAY PROCESS
    SEGMENT: ?PR?SERVOREAD?SERVOCOMMON

*** WARNING L16: UNCALLED SEGMENT, IGNORED FOR OVERLAY PROCESS
    SEGMENT: ?PR?SERVODETACH?SERVOCOMMON

*** WARNING L16: UNCALLED SEGMENT, IGNORED FOR OVERLAY PROCESS
    SEGMENT: ?PR?SERVOATTACHEDPIN?SERVOCOMMON

*** WARNING L16: UNCALLED SEGMENT, IGNORED FOR OVERLAY PROCESS
    SEGMENT: ?PR?_TESTTIMERCB?SERVOCOMMON

*** WARNING L16: UNCALLED SEGMENT, IGNORED FOR OVERLAY PROCESS
    SEGMENT: ?PR?_SERVOATTACH?SERVOCOMMON

*** WARNING L16: UNCALLED SEGMENT, IGNORED FOR OVERLAY PROCESS
    SEGMENT: ?PR?_UNREGISTTIMERCBFUN?TIMER

*** WARNING L16: UNCALLED SEGMENT, IGNORED FOR OVERLAY PROCESS
    SEGMENT: ?PR?_TIMERXSTART?TIMER

*** WARNING L16: UNCALLED SEGMENT, IGNORED FOR OVERLAY PROCESS
    SEGMENT: ?PR?_TIMERXRELOAD?TIMER

*** WARNING L16: UNCALLED SEGMENT, IGNORED FOR OVERLAY PROCESS
    SEGMENT: ?PR?_REGISTSERIALCBFUN?SERIAL

*** WARNING L16: UNCALLED SEGMENT, IGNORED FOR OVERLAY PROCESS
    SEGMENT: ?PR?_UNREGISTSERIALCBFUN?SERIAL

*** WARNING L16: UNCALLED SEGMENT, IGNORED FOR OVERLAY PROCESS
    SEGMENT: ?PR?_INITSERIAX?SERIAL

*** WARNING L16: UNCALLED SEGMENT, IGNORED FOR OVERLAY PROCESS
    SEGMENT: ?PR?_UNINITSERIAX?SERIAL
BL51 BANKED LINKER/LOCATER V6.22                                                      03/25/2019  21:43:25  PAGE 43



*** WARNING L16: UNCALLED SEGMENT, IGNORED FOR OVERLAY PROCESS
    SEGMENT: ?PR?_SERIALREAD?SERIAL

*** WARNING L16: UNCALLED SEGMENT, IGNORED FOR OVERLAY PROCESS
    SEGMENT: ?PR?_SERIALWRITE?SERIAL

*** WARNING L16: UNCALLED SEGMENT, IGNORED FOR OVERLAY PROCESS
    SEGMENT: ?PR?_UARTCMDPROC?HW_PWM

*** WARNING L16: UNCALLED SEGMENT, IGNORED FOR OVERLAY PROCESS
    SEGMENT: ?PR?_PRINTSTRING1?HW_SERIAL

*** WARNING L16: UNCALLED SEGMENT, IGNORED FOR OVERLAY PROCESS
    SEGMENT: ?PR?_UART2_CONFIG?HW_SERIAL

*** WARNING L16: UNCALLED SEGMENT, IGNORED FOR OVERLAY PROCESS
    SEGMENT: ?PR?_PRINTSTRING2?HW_SERIAL

*** WARNING L16: UNCALLED SEGMENT, IGNORED FOR OVERLAY PROCESS
    SEGMENT: ?PR?_HW_SERIALREAD?HW_SERIAL

*** WARNING L16: UNCALLED SEGMENT, IGNORED FOR OVERLAY PROCESS
    SEGMENT: ?PR?_HW_SERIALWRITE?HW_SERIAL

*** WARNING L15: MULTIPLE CALL TO SEGMENT
    SEGMENT: ?PR?_TIMERCBFUNEXCE?TIMER
    CALLER1: ?PR?TIME1_INT?HW_TIMER
    CALLER2: ?PR?TIME2_INT?HW_TIMER

*** WARNING L15: MULTIPLE CALL TO SEGMENT
    SEGMENT: ?PR?_TIMERCBFUNEXCE?TIMER
    CALLER1: ?PR?TIME2_INT?HW_TIMER
    CALLER2: ?PR?TIME3_INT?HW_TIMER

*** WARNING L15: MULTIPLE CALL TO SEGMENT
    SEGMENT: ?PR?_TIMERCBFUNEXCE?TIMER
    CALLER1: ?PR?TIME3_INT?HW_TIMER
    CALLER2: ?PR?TIME4_INT?HW_TIMER

*** WARNING L15: MULTIPLE CALL TO SEGMENT
    SEGMENT: ?PR?_SERVOPWMINTERRUPTPROC?HW_PWM
    CALLER1: ?PR?TIME0_INT?HW_TIMER
    CALLER2: ?C_C51STARTUP

*** WARNING L1: UNRESOLVED EXTERNAL SYMBOL
    SYMBOL:  HW_TIME0RELOAD
    MODULE:  .\list\timer.obj (TIMER)

*** WARNING L1: UNRESOLVED EXTERNAL SYMBOL
    SYMBOL:  HW_TIME1RELOAD
    MODULE:  .\list\timer.obj (TIMER)

*** WARNING L1: UNRESOLVED EXTERNAL SYMBOL
    SYMBOL:  HW_TIME0START
    MODULE:  .\list\timer.obj (TIMER)

BL51 BANKED LINKER/LOCATER V6.22                                                      03/25/2019  21:43:25  PAGE 44


*** WARNING L1: UNRESOLVED EXTERNAL SYMBOL
    SYMBOL:  HW_TIME1START
    MODULE:  .\list\timer.obj (TIMER)

*** WARNING L2: REFERENCE MADE TO UNRESOLVED EXTERNAL
    SYMBOL:  HW_TIME0RELOAD
    MODULE:  .\list\timer.obj (TIMER)
    ADDRESS: 002EH

*** WARNING L2: REFERENCE MADE TO UNRESOLVED EXTERNAL
    SYMBOL:  HW_TIME0START
    MODULE:  .\list\timer.obj (TIMER)
    ADDRESS: 0031H

*** WARNING L2: REFERENCE MADE TO UNRESOLVED EXTERNAL
    SYMBOL:  HW_TIME1RELOAD
    MODULE:  .\list\timer.obj (TIMER)
    ADDRESS: 003BH

*** WARNING L2: REFERENCE MADE TO UNRESOLVED EXTERNAL
    SYMBOL:  HW_TIME1START
    MODULE:  .\list\timer.obj (TIMER)
    ADDRESS: 003EH

*** WARNING L2: REFERENCE MADE TO UNRESOLVED EXTERNAL
    SYMBOL:  HW_TIME0RELOAD
    MODULE:  .\list\timer.obj (TIMER)
    ADDRESS: 1C50H

*** WARNING L2: REFERENCE MADE TO UNRESOLVED EXTERNAL
    SYMBOL:  HW_TIME1RELOAD
    MODULE:  .\list\timer.obj (TIMER)
    ADDRESS: 1C5AH

Program Size: data=95.2 xdata=584 code=7604
LINK/LOCATE RUN COMPLETE.  46 WARNING(S),  0 ERROR(S)
