C51 COMPILER V9.56.0.0   HW_GPIOCTL51                                                      03/24/2019 21:50:22 PAGE 1   


C51 COMPILER V9.56.0.0, COMPILATION OF MODULE HW_GPIOCTL51
OBJECT MODULE PLACED IN .\list\hw_gpioCtl51.obj
COMPILER INVOKED BY: E:\keil_c51\C51\BIN\C51.EXE driver\51\hw_gpioCtl51.c LARGE OPTIMIZE(9,SPEED) BROWSE DEBUG OBJECTEXT
                    -END PRINT(.\list\hw_gpioCtl51.lst) TABS(2) OBJECT(.\list\hw_gpioCtl51.obj)

line level    source

   1          
   2          /*------------------------------------------------------------------*/
   3          /* --- STC MCU International Limited -------------------------------*/
   4          /* --- STC 1T Series MCU RC Demo -----------------------------------*/
   5          /* --- Mobile: (86)13922805190 -------------------------------------*/
   6          /* --- Fax: 86-0513-55012956,55012947,55012969 ---------------------*/
   7          /* --- Tel: 86-0513-55012928,55012929,55012966 ---------------------*/
   8          /* --- Web: www.GXWMCU.com -----------------------------------------*/
   9          /* --- QQ:  800003751 ----------------------------------------------*/
  10          /* If you want to use the program or the program referenced in the  */
  11          /* article, please specify in which data and procedures from STC    */
  12          /*------------------------------------------------------------------*/
  13          
  14          /*************  π¶ƒ‹Àµ√˜  **************
  15          
  16          ±æŒƒº˛Œ™STC8xxxœµ¡–µƒ∂Àø⁄≥ı ºªØ≥Ã–Ú,”√ªßº∏∫ıø…“‘≤ª–ﬁ∏ƒ’‚∏ˆ≥Ã–Ú.
  17          
  18          
  19          ******************************************/
  20          
  21          #include "hw_gpioCtl51.h"
  22          
  23          typedef struct GPIO_InitTypeDef
  24          {
  25            uint8 Pin;        //“™…Ë÷√µƒ∂Àø⁄    Pin0~Pin7ªÚPinAll, ∂‡∏ˆœÓ”√ªÚ≤Ÿ◊˜, ±»»Á Pin0 | Pin3
  26            uint8 Mode;       //IOƒ£ Ω,  4∏ˆ—°1,  GPIO_PullUp(◊ºÀ´œÚø⁄),GPIO_HighZ(∏ﬂ◊Ë ‰»Î),GPIO_OUT_OD(ø™¬©ƒ£ Ω),GPIO_O
             -UT_PP(Õ∆ÕÏ ‰≥ˆ)
  27            uint8 PullUp_3K7;     //ƒ⁄≤ø…œ¿≠3.7KµÁ◊Ë, Pin0~Pin7ªÚPinAll, ∂‡∏ˆœÓ”√ªÚ≤Ÿ◊˜, ±»»Á Pin0 | Pin3
  28            uint8 SchmittDisable;   //Ω˚÷π ©√‹Ãÿ ‰»Î, Pin0~Pin7ªÚPinAll, ∂‡∏ˆœÓ”√ªÚ≤Ÿ◊˜, ±»»Á Pin0 | Pin3
  29          } GPIO_InitTypeDef;
  30          
  31          
  32          //========================================================================
  33          // ∫Ø ˝: u8 GPIO_Inilize(u8 GPIO, GPIO_InitTypeDef *GPIOx)
  34          // √Ë ˆ: ≥ı ºªØIOø⁄, Ω´IO…Ë÷√Œ™◊ºÀ´œÚø⁄°¢Õ∆ÕÏ ‰≥ˆ°¢ø™¬© ‰≥ˆ°¢∏ﬂ◊Ë ‰»Î’‚4÷÷ƒ£ Ω÷Æ“ª, ≤¢ø…“‘‘ –Ìƒ⁄≤ø∂ÓÕ‚µƒ3.
             -7K…œ¿≠µÁ◊Ë.
  35          // ≤Œ ˝:  GPIO: “™≥ı ºªØµƒIO, »°÷µGPIO_P0 ~ GPIO_P7.
  36          //       GPIOx: Ω·ππÃÂ÷∏’Î,«Î≤ŒøºGPIO.h¿Ôµƒ∂®“Â.
  37          // ∑µªÿ: ≥…π¶∑µªÿ0, ¥ÌŒÛ∑µªÿ1.
  38          // ∞Ê±æ: V1.0, 2018-3-22
  39          //========================================================================
  40          static uint8  GPIO_Inilize(uint8 GPIO, GPIO_InitTypeDef *GPIOx)
  41          {
  42   1        if((GPIO > GPIO_P7) || (GPIOx->Mode > GPIO_OUT_PP))   return 1; //¥ÌŒÛ
  43   1      
  44   1        #ifdef STC8XXXX
  45   1        EAXSFR(); //∑√Œ ¿©’πSFR(XSFR)
  46   1        #endif
  47   1        if(GPIO == GPIO_P0)
  48   1        {
  49   2          if(GPIOx->Mode == GPIO_PullUp)    P0M1 &= ~GPIOx->Pin,  P0M0 &= ~GPIOx->Pin;   //…œ¿≠◊ºÀ´œÚø⁄
  50   2          if(GPIOx->Mode == GPIO_HighZ)   P0M1 |=  GPIOx->Pin,  P0M0 &= ~GPIOx->Pin;   //∏°ø’ ‰»Î
  51   2          if(GPIOx->Mode == GPIO_OUT_OD)    P0M1 |=  GPIOx->Pin,  P0M0 |=  GPIOx->Pin;   //ø™¬© ‰≥ˆ
  52   2          if(GPIOx->Mode == GPIO_OUT_PP)    P0M1 &= ~GPIOx->Pin,  P0M0 |=  GPIOx->Pin;   //Õ∆ÕÏ ‰≥ˆ
C51 COMPILER V9.56.0.0   HW_GPIOCTL51                                                      03/24/2019 21:50:22 PAGE 2   

  53   2          #ifdef STC8XXXX
  54   2          P0PU  = GPIOx->PullUp_3K7;    //ƒ⁄≤ø…œ¿≠3.7KµÁ◊Ë, Pin0~Pin7ªÚPinAll, ∂‡∏ˆœÓ”√ªÚ≤Ÿ◊˜, ±»»Á Pin0 | Pin3
  55   2          P0NCS = GPIOx->SchmittDisable;  //Ω˚÷π ©√‹Ãÿ ‰»Î, Pin0~Pin7ªÚPinAll, ∂‡∏ˆœÓ”√ªÚ≤Ÿ◊˜, ±»»Á Pin0 | Pin3
  56   2          #endif
  57   2        }
  58   1        if(GPIO == GPIO_P1)
  59   1        {
  60   2          if(GPIOx->Mode == GPIO_PullUp)    P1M1 &= ~GPIOx->Pin,  P1M0 &= ~GPIOx->Pin;   //…œ¿≠◊ºÀ´œÚø⁄
  61   2          if(GPIOx->Mode == GPIO_HighZ)   P1M1 |=  GPIOx->Pin,  P1M0 &= ~GPIOx->Pin;   //∏°ø’ ‰»Î
  62   2          if(GPIOx->Mode == GPIO_OUT_OD)    P1M1 |=  GPIOx->Pin,  P1M0 |=  GPIOx->Pin;   //ø™¬© ‰≥ˆ
  63   2          if(GPIOx->Mode == GPIO_OUT_PP)    P1M1 &= ~GPIOx->Pin,  P1M0 |=  GPIOx->Pin;   //Õ∆ÕÏ ‰≥ˆ
  64   2          #ifdef STC8XXXX
  65   2          P1PU  = GPIOx->PullUp_3K7;    //ƒ⁄≤ø…œ¿≠3.7KµÁ◊Ë, Pin0~Pin7ªÚPinAll, ∂‡∏ˆœÓ”√ªÚ≤Ÿ◊˜, ±»»Á Pin0 | Pin3
  66   2          P1NCS = GPIOx->SchmittDisable;  //Ω˚÷π ©√‹Ãÿ ‰»Î, Pin0~Pin7ªÚPinAll, ∂‡∏ˆœÓ”√ªÚ≤Ÿ◊˜, ±»»Á Pin0 | Pin3
  67   2          #endif
  68   2        }
  69   1        if(GPIO == GPIO_P2)
  70   1        {
  71   2          if(GPIOx->Mode == GPIO_PullUp)    P2M1 &= ~GPIOx->Pin,  P2M0 &= ~GPIOx->Pin;   //…œ¿≠◊ºÀ´œÚø⁄
  72   2          if(GPIOx->Mode == GPIO_HighZ)   P2M1 |=  GPIOx->Pin,  P2M0 &= ~GPIOx->Pin;   //∏°ø’ ‰»Î
  73   2          if(GPIOx->Mode == GPIO_OUT_OD)    P2M1 |=  GPIOx->Pin,  P2M0 |=  GPIOx->Pin;   //ø™¬© ‰≥ˆ
  74   2          if(GPIOx->Mode == GPIO_OUT_PP)    P2M1 &= ~GPIOx->Pin,  P2M0 |=  GPIOx->Pin;   //Õ∆ÕÏ ‰≥ˆ
  75   2          #ifdef STC8XXXX
  76   2          P2PU  = GPIOx->PullUp_3K7;    //ƒ⁄≤ø…œ¿≠3.7KµÁ◊Ë, Pin0~Pin7ªÚPinAll, ∂‡∏ˆœÓ”√ªÚ≤Ÿ◊˜, ±»»Á Pin0 | Pin3
  77   2          P2NCS = GPIOx->SchmittDisable;  //Ω˚÷π ©√‹Ãÿ ‰»Î, Pin0~Pin7ªÚPinAll, ∂‡∏ˆœÓ”√ªÚ≤Ÿ◊˜, ±»»Á Pin0 | Pin3
  78   2          #endif
  79   2        }
  80   1        if(GPIO == GPIO_P3)
  81   1        {
  82   2          if(GPIOx->Mode == GPIO_PullUp)    P3M1 &= ~GPIOx->Pin,  P3M0 &= ~GPIOx->Pin;   //…œ¿≠◊ºÀ´œÚø⁄
  83   2          if(GPIOx->Mode == GPIO_HighZ)   P3M1 |=  GPIOx->Pin,  P3M0 &= ~GPIOx->Pin;   //∏°ø’ ‰»Î
  84   2          if(GPIOx->Mode == GPIO_OUT_OD)    P3M1 |=  GPIOx->Pin,  P3M0 |=  GPIOx->Pin;   //ø™¬© ‰≥ˆ
  85   2          if(GPIOx->Mode == GPIO_OUT_PP)    P3M1 &= ~GPIOx->Pin,  P3M0 |=  GPIOx->Pin;   //Õ∆ÕÏ ‰≥ˆ
  86   2          #ifdef STC8XXXX
  87   2          P3PU  = GPIOx->PullUp_3K7;    //ƒ⁄≤ø…œ¿≠3.7KµÁ◊Ë, Pin0~Pin7ªÚPinAll, ∂‡∏ˆœÓ”√ªÚ≤Ÿ◊˜, ±»»Á Pin0 | Pin3
  88   2          P3NCS = GPIOx->SchmittDisable;  //Ω˚÷π ©√‹Ãÿ ‰»Î, Pin0~Pin7ªÚPinAll, ∂‡∏ˆœÓ”√ªÚ≤Ÿ◊˜, ±»»Á Pin0 | Pin3
  89   2          #endif
  90   2        }
  91   1        if(GPIO == GPIO_P4)
  92   1        {
  93   2          if(GPIOx->Mode == GPIO_PullUp)    P4M1 &= ~GPIOx->Pin,  P4M0 &= ~GPIOx->Pin;   //…œ¿≠◊ºÀ´œÚø⁄
  94   2          if(GPIOx->Mode == GPIO_HighZ)   P4M1 |=  GPIOx->Pin,  P4M0 &= ~GPIOx->Pin;   //∏°ø’ ‰»Î
  95   2          if(GPIOx->Mode == GPIO_OUT_OD)    P4M1 |=  GPIOx->Pin,  P4M0 |=  GPIOx->Pin;   //ø™¬© ‰≥ˆ
  96   2          if(GPIOx->Mode == GPIO_OUT_PP)    P4M1 &= ~GPIOx->Pin,  P4M0 |=  GPIOx->Pin;   //Õ∆ÕÏ ‰≥ˆ
  97   2          #ifdef STC8XXXX
  98   2          P4PU  = GPIOx->PullUp_3K7;    //ƒ⁄≤ø…œ¿≠3.7KµÁ◊Ë, Pin0~Pin7ªÚPinAll, ∂‡∏ˆœÓ”√ªÚ≤Ÿ◊˜, ±»»Á Pin0 | Pin3
  99   2          P4NCS = GPIOx->SchmittDisable;  //Ω˚÷π ©√‹Ãÿ ‰»Î, Pin0~Pin7ªÚPinAll, ∂‡∏ˆœÓ”√ªÚ≤Ÿ◊˜, ±»»Á Pin0 | Pin3
 100   2          #endif
 101   2        }
 102   1        if(GPIO == GPIO_P5)
 103   1        {
 104   2          if(GPIOx->Mode == GPIO_PullUp)    P5M1 &= ~GPIOx->Pin,  P5M0 &= ~GPIOx->Pin;   //…œ¿≠◊ºÀ´œÚø⁄
 105   2          if(GPIOx->Mode == GPIO_HighZ)   P5M1 |=  GPIOx->Pin,  P5M0 &= ~GPIOx->Pin;   //∏°ø’ ‰»Î
 106   2          if(GPIOx->Mode == GPIO_OUT_OD)    P5M1 |=  GPIOx->Pin,  P5M0 |=  GPIOx->Pin;   //ø™¬© ‰≥ˆ
 107   2          if(GPIOx->Mode == GPIO_OUT_PP)    P5M1 &= ~GPIOx->Pin,  P5M0 |=  GPIOx->Pin;   //Õ∆ÕÏ ‰≥ˆ
 108   2          #ifdef STC8XXXX
 109   2          P5PU  = GPIOx->PullUp_3K7;    //ƒ⁄≤ø…œ¿≠3.7KµÁ◊Ë, Pin0~Pin7ªÚPinAll, ∂‡∏ˆœÓ”√ªÚ≤Ÿ◊˜, ±»»Á Pin0 | Pin3
 110   2          P5NCS = GPIOx->SchmittDisable;  //Ω˚÷π ©√‹Ãÿ ‰»Î, Pin0~Pin7ªÚPinAll, ∂‡∏ˆœÓ”√ªÚ≤Ÿ◊˜, ±»»Á Pin0 | Pin3
 111   2          #endif
 112   2        }
 113   1        if(GPIO == GPIO_P6)
 114   1        {                                                                                                        
C51 COMPILER V9.56.0.0   HW_GPIOCTL51                                                      03/24/2019 21:50:22 PAGE 3   

             -                                                                                                                        
             -                                                                                                                        
             -                                                                                                                        
             -                                                                                                                        
             -                                                                                                                        
             -                                                                                                                        
             -                                                                                                                 
 115   2          if(GPIOx->Mode == GPIO_PullUp)    P6M1 &= ~GPIOx->Pin,  P6M0 &= ~GPIOx->Pin;   //…œ¿≠◊ºÀ´œÚø⁄
 116   2          if(GPIOx->Mode == GPIO_HighZ)   P6M1 |=  GPIOx->Pin,  P6M0 &= ~GPIOx->Pin;   //∏°ø’ ‰»Î
 117   2          if(GPIOx->Mode == GPIO_OUT_OD)    P6M1 |=  GPIOx->Pin,  P6M0 |=  GPIOx->Pin;   //ø™¬© ‰≥ˆ
 118   2          if(GPIOx->Mode == GPIO_OUT_PP)    P6M1 &= ~GPIOx->Pin,  P6M0 |=  GPIOx->Pin;   //Õ∆ÕÏ ‰≥ˆ
 119   2          #ifdef STC8XXXX
 120   2          P6PU  = GPIOx->PullUp_3K7;    //ƒ⁄≤ø…œ¿≠3.7KµÁ◊Ë, Pin0~Pin7ªÚPinAll, ∂‡∏ˆœÓ”√ªÚ≤Ÿ◊˜, ±»»Á Pin0 | Pin3
 121   2          P6NCS = GPIOx->SchmittDisable;  //Ω˚÷π ©√‹Ãÿ ‰»Î, Pin0~Pin7ªÚPinAll, ∂‡∏ˆœÓ”√ªÚ≤Ÿ◊˜, ±»»Á Pin0 | Pin3
 122   2          #endif
 123   2        } 
 124   1        if(GPIO == GPIO_P7)
 125   1        {
 126   2          if(GPIOx->Mode == GPIO_PullUp)    P7M1 &= ~GPIOx->Pin,  P7M0 &= ~GPIOx->Pin;   //…œ¿≠◊ºÀ´œÚø⁄
 127   2          if(GPIOx->Mode == GPIO_HighZ)   P7M1 |=  GPIOx->Pin,  P7M0 &= ~GPIOx->Pin;   //∏°ø’ ‰»Î
 128   2          if(GPIOx->Mode == GPIO_OUT_OD)    P7M1 |=  GPIOx->Pin,  P7M0 |=  GPIOx->Pin;   //ø™¬© ‰≥ˆ
 129   2          if(GPIOx->Mode == GPIO_OUT_PP)    P7M1 &= ~GPIOx->Pin,  P7M0 |=  GPIOx->Pin;   //Õ∆ÕÏ ‰≥ˆ
 130   2          #ifdef STC8XXXX
 131   2          P7PU  = GPIOx->PullUp_3K7;    //ƒ⁄≤ø…œ¿≠3.7KµÁ◊Ë, Pin0~Pin7ªÚPinAll, ∂‡∏ˆœÓ”√ªÚ≤Ÿ◊˜, ±»»Á Pin0 | Pin3
 132   2          P7NCS = GPIOx->SchmittDisable;  //Ω˚÷π ©√‹Ãÿ ‰»Î, Pin0~Pin7ªÚPinAll, ∂‡∏ˆœÓ”√ªÚ≤Ÿ◊˜, ±»»Á Pin0 | Pin3
 133   2          #endif
 134   2        }
 135   1        
 136   1        #ifdef STC8XXXX
 137   1        EAXRAM(); //∑√Œ ¿©’πRAM(XRAM)
 138   1        #endif
 139   1        return 0; //≥…π¶
 140   1      }
 141          
 142          void HW_GPIO_config(uint8 pin, PIN_MODE mode)
 143          {
 144   1        GPIO_InitTypeDef  GPIO_InitStructure;       //Ω·ππ∂®“Â
 145   1        pin  = 1 << pin%8;
 146   1        GPIO_InitStructure.Pin            = pin;  //÷∏∂®“™…Ë÷√µƒ∂Àø⁄    Pin0~Pin7ªÚPinAll, ∂‡∏ˆœÓ”√ªÚ≤Ÿ◊˜, ±»»Á Pin0
             - | Pin3
 147   1        GPIO_InitStructure.PullUp_3K7     = 0;        //ƒ⁄≤ø…œ¿≠3.7KµÁ◊Ë, Pin0~Pin7ªÚPinAll, ∂‡∏ˆœÓ”√ªÚ≤Ÿ◊˜, ±»»Á Pin
             -0 | Pin3
 148   1        GPIO_InitStructure.SchmittDisable = 0;        //Ω˚÷π ©√‹Ãÿ ‰»Î, Pin0~Pin7ªÚPinAll, ∂‡∏ˆœÓ”√ªÚ≤Ÿ◊˜, ±»»Á Pin0 
             -| Pin3
 149   1        
 150   1        switch(mode){
 151   2          case OUTPUT:{
 152   3          
 153   3            GPIO_InitStructure.Mode = GPIO_OUT_PP;  //÷∏∂®IOµƒƒ£ Ω, 4∏ˆ—°1, GPIO_PullUp(◊ºÀ´œÚø⁄),GPIO_HighZ(∏ﬂ◊Ë ‰»
             -Î),GPIO_OUT_OD(ø™¬©ƒ£ Ω),GPIO_OUT_PP(Õ∆ÕÏ ‰≥ˆ)
 154   3            break;
 155   3          }
 156   2          case INPUT:{
 157   3          
 158   3            GPIO_InitStructure.Mode = GPIO_HighZ;
 159   3            break;
 160   3          }
 161   2          case INPUT_PULLUP:{
 162   3          
 163   3            GPIO_InitStructure.Mode = GPIO_PullUp;
 164   3            GPIO_InitStructure.PullUp_3K7 = pin%8;
 165   3            break;
C51 COMPILER V9.56.0.0   HW_GPIOCTL51                                                      03/24/2019 21:50:22 PAGE 4   

 166   3          }
 167   2          case PWM:{
 168   3          
 169   3            GPIO_InitStructure.Mode = GPIO_OUT_PP;
 170   3            break;
 171   3          }
 172   2          default:
 173   2            GPIO_InitStructure.Mode = GPIO_OUT_PP;
 174   2            break;
 175   2        }
 176   1        
 177   1        
 178   1        GPIO_Inilize(pin/8,&GPIO_InitStructure);  //≥ı ºªØ
 179   1      
 180   1      }
 181          
 182          void HW_GPIO_digitalWrite(uint8 pin, int32 val)
 183          {
 184   1        uint8 gpioGruop = pin/8;
 185   1        unsigned char gpioGruopPinBit = 1;
 186   1        gpioGruopPinBit = gpioGruopPinBit<<pin%8;
 187   1        switch(gpioGruop){
 188   2        
 189   2          case 0:{
 190   3          
 191   3              if(LOW == val){
 192   4              
 193   4                P0 &= ~gpioGruopPinBit;
 194   4              }else{
 195   4              
 196   4                P0 |= gpioGruopPinBit;
 197   4              }
 198   3              
 199   3              break;
 200   3          }
 201   2          case 1:{
 202   3          
 203   3              if(LOW == val){
 204   4              
 205   4                P1 &= ~gpioGruopPinBit;
 206   4              }else{
 207   4              
 208   4                P1 |= gpioGruopPinBit;
 209   4              }
 210   3              break;
 211   3          }
 212   2          case 2:{
 213   3          
 214   3              if(LOW == val){
 215   4              
 216   4                P2 &= ~gpioGruopPinBit;
 217   4              }else{
 218   4              
 219   4                P2 |= gpioGruopPinBit;
 220   4              }
 221   3              break;
 222   3          }
 223   2          case 3:{
 224   3          
 225   3              if(LOW == val){
 226   4              
 227   4                P3 &= ~gpioGruopPinBit;
C51 COMPILER V9.56.0.0   HW_GPIOCTL51                                                      03/24/2019 21:50:22 PAGE 5   

 228   4              }else{
 229   4              
 230   4                P3 |= gpioGruopPinBit;
 231   4              }
 232   3              break;
 233   3          }
 234   2          case 4:{
 235   3          
 236   3              if(LOW == val){
 237   4              
 238   4                P4 &= ~gpioGruopPinBit;
 239   4              }else{
 240   4              
 241   4                P4 |= gpioGruopPinBit;
 242   4              }
 243   3              break;
 244   3          }
 245   2          case 5:{
 246   3          
 247   3              if(LOW == val){
 248   4              
 249   4                P5 &= ~gpioGruopPinBit;
 250   4              }else{
 251   4              
 252   4                P5 |= gpioGruopPinBit;
 253   4              }
 254   3              break;
 255   3          }
 256   2          case 6:{
 257   3          
 258   3              if(LOW == val){
 259   4              
 260   4                P6 &= ~gpioGruopPinBit;
 261   4              }else{
 262   4              
 263   4                P6 |= gpioGruopPinBit;
 264   4              }
 265   3              break;
 266   3          }
 267   2          case 7:{
 268   3          
 269   3              if(LOW == val){
 270   4              
 271   4                P7 &= ~gpioGruopPinBit;
 272   4              }else{
 273   4              
 274   4                P7 |= gpioGruopPinBit;
 275   4              }
 276   3              break;
 277   3          }
 278   2          
 279   2          default:
 280   2            break;
 281   2        }
 282   1      
 283   1      }
 284          
 285          uint8 HW_GPIO_digitalRead(uint8 pin)
 286          {
 287   1        uint8 retVal = 0;
 288   1        uint8 gpioGruop = pin/8;
 289   1        unsigned char gpioGruopPinBit = 1;
C51 COMPILER V9.56.0.0   HW_GPIOCTL51                                                      03/24/2019 21:50:22 PAGE 6   

 290   1        gpioGruopPinBit = gpioGruopPinBit<<pin%8;
 291   1        
 292   1        
 293   1        switch(gpioGruop){
 294   2        
 295   2          case 0:{
 296   3              P0 |= gpioGruopPinBit;  // ∂¡»°«∞œ» πƒ‹ƒ⁄≤ø»ı…œ¿≠µÁ◊Ë
 297   3              _nop_();  // µ»¥˝¡Ω∏ˆ ±÷”
 298   3              _nop_();  //
 299   3              retVal = P0;
 300   3              retVal &= gpioGruopPinBit;
 301   3              break;
 302   3          }
 303   2          case 1:{
 304   3              P1 |= gpioGruopPinBit;  // ∂¡»°«∞œ» πƒ‹ƒ⁄≤ø»ı…œ¿≠µÁ◊Ë
 305   3              _nop_();  // µ»¥˝¡Ω∏ˆ ±÷”
 306   3              _nop_();  //
 307   3              retVal = P1;
 308   3              retVal &= gpioGruopPinBit;
 309   3              break;
 310   3          }
 311   2          case 2:{
 312   3              P2 |= gpioGruopPinBit;  // ∂¡»°«∞œ» πƒ‹ƒ⁄≤ø»ı…œ¿≠µÁ◊Ë
 313   3              _nop_();  // µ»¥˝¡Ω∏ˆ ±÷”
 314   3              _nop_();  //
 315   3              retVal = P2;
 316   3              retVal &= gpioGruopPinBit;
 317   3              break;
 318   3          }
 319   2          case 3:{
 320   3              P3 |= gpioGruopPinBit;  // ∂¡»°«∞œ» πƒ‹ƒ⁄≤ø»ı…œ¿≠µÁ◊Ë
 321   3              _nop_();  // µ»¥˝¡Ω∏ˆ ±÷”
 322   3              _nop_();  //
 323   3              retVal = P3;
 324   3              retVal &= gpioGruopPinBit;
 325   3              break;
 326   3          }
 327   2          case 4:{
 328   3              P4 |= gpioGruopPinBit;  // ∂¡»°«∞œ» πƒ‹ƒ⁄≤ø»ı…œ¿≠µÁ◊Ë
 329   3              _nop_();  // µ»¥˝¡Ω∏ˆ ±÷”
 330   3              _nop_();  //
 331   3              retVal = P4;
 332   3              retVal &= gpioGruopPinBit;
 333   3              break;
 334   3          }
 335   2          case 5:{
 336   3              P6 |= gpioGruopPinBit;  // ∂¡»°«∞œ» πƒ‹ƒ⁄≤ø»ı…œ¿≠µÁ◊Ë
 337   3              _nop_();  // µ»¥˝¡Ω∏ˆ ±÷”
 338   3              _nop_();  //
 339   3              retVal = P5;
 340   3              retVal &= gpioGruopPinBit;
 341   3              break;
 342   3          }
 343   2          case 6:{
 344   3              P6 |= gpioGruopPinBit;  // ∂¡»°«∞œ» πƒ‹ƒ⁄≤ø»ı…œ¿≠µÁ◊Ë
 345   3              _nop_();  // µ»¥˝¡Ω∏ˆ ±÷”
 346   3              _nop_();  //
 347   3              retVal = P6;
 348   3              retVal &= gpioGruopPinBit;
 349   3              break;
 350   3          }
 351   2          case 7:{
C51 COMPILER V9.56.0.0   HW_GPIOCTL51                                                      03/24/2019 21:50:22 PAGE 7   

 352   3              P7 |= gpioGruopPinBit;  // ∂¡»°«∞œ» πƒ‹ƒ⁄≤ø»ı…œ¿≠µÁ◊Ë
 353   3              _nop_();  // µ»¥˝¡Ω∏ˆ ±÷”
 354   3              _nop_();  //
 355   3              retVal = P7;
 356   3              retVal &= gpioGruopPinBit;
 357   3              break;
 358   3          }
 359   2          
 360   2          default:
 361   2            break;
 362   2        }
 363   1        
 364   1        return retVal;
 365   1      
 366   1      }


MODULE INFORMATION:   STATIC OVERLAYABLE
   CODE SIZE        =   1020    ----
   CONSTANT SIZE    =   ----    ----
   XDATA SIZE       =   ----       4
   PDATA SIZE       =   ----    ----
   DATA SIZE        =   ----    ----
   IDATA SIZE       =   ----    ----
   BIT SIZE         =   ----    ----
END OF MODULE INFORMATION.


C51 COMPILATION COMPLETE.  0 WARNING(S),  0 ERROR(S)
