C51 COMPILER V9.56.0.0   HW_SERIAL                                                         03/16/2019 17:05:26 PAGE 1   


C51 COMPILER V9.56.0.0, COMPILATION OF MODULE HW_SERIAL
OBJECT MODULE PLACED IN .\list\hw_serial.obj
COMPILER INVOKED BY: E:\keil_c51\C51\BIN\C51.EXE driver\51\hw_serial.c LARGE OPTIMIZE(8,SPEED) BROWSE DEBUG OBJECTEXTEND
                    - PRINT(.\list\hw_serial.lst) TABS(2) OBJECT(.\list\hw_serial.obj)

line level    source

   1          
   2          /*------------------------------------------------------------------*/
   3          /* --- STC MCU International Limited -------------------------------*/
   4          /* --- STC 1T Series MCU RC Demo -----------------------------------*/
   5          /* --- Mobile: (86)13922805190 -------------------------------------*/
   6          /* --- Fax: 86-0513-55012956,55012947,55012969 ---------------------*/
   7          /* --- Tel: 86-0513-55012928,55012929,55012966 ---------------------*/
   8          /* --- Web: www.GXWMCU.com -----------------------------------------*/
   9          /* --- QQ:  800003751 ----------------------------------------------*/
  10          /* If you want to use the program or the program referenced in the  */
  11          /* article, please specify in which data and procedures from STC    */
  12          /*------------------------------------------------------------------*/
  13          
  14          /*************  功能说明  **************
  15          
  16          本文件为STC8xxx系列的端口初始化程序,用户几乎可以不修改这个程序.
  17          
  18          
  19          ******************************************/
  20          
  21          #include "hw_serial.h"
  22          #include "hw_pwm.h"
  23          
  24          /*串口初始化、定时器T0、T1初始化*/
  25          void Com_Init()
  26          {
  27   1      
  28   1        IP = 0x08;
  29   1        PCON &= 0x7F;
  30   1        TMOD &= 0x00;
  31   1        TMOD |= 0x21;
  32   1        SCON = 0x50;
  33   1        TH1 = 0xfd;
  34   1        TL1 = 0xfd;
  35   1        ES = 1;
  36   1        ET1 = 0;
  37   1        TR1 = 1;
  38   1        
  39   1        TH0 = 0xff;
  40   1        TL0 = 0xa4;
  41   1        
  42   1        ET0 = 1;
  43   1        TR0 = 1;
  44   1      }
  45          
  46          void uart_ser() interrupt 4
  47          {
  48   1        uint8 command = 0;
  49   1        
  50   1        if(0 == RI){
  51   2        
  52   2          return;
  53   2        }
  54   1      
C51 COMPILER V9.56.0.0   HW_SERIAL                                                         03/16/2019 17:05:26 PAGE 2   

  55   1        ES = 0;
  56   1        RI = 0;
  57   1        command = SBUF;
  58   1        
  59   1      
  60   1      }


MODULE INFORMATION:   STATIC OVERLAYABLE
   CODE SIZE        =     63    ----
   CONSTANT SIZE    =   ----    ----
   XDATA SIZE       =   ----    ----
   PDATA SIZE       =   ----    ----
   DATA SIZE        =   ----    ----
   IDATA SIZE       =   ----    ----
   BIT SIZE         =   ----    ----
END OF MODULE INFORMATION.


C51 COMPILATION COMPLETE.  0 WARNING(S),  0 ERROR(S)
