C51 COMPILER V9.56.0.0   MAIN                                                              03/25/2019 21:43:25 PAGE 1   


C51 COMPILER V9.56.0.0, COMPILATION OF MODULE MAIN
OBJECT MODULE PLACED IN .\list\main.obj
COMPILER INVOKED BY: E:\keil_c51\C51\BIN\C51.EXE main.c LARGE OPTIMIZE(9,SPEED) BROWSE DEBUG OBJECTEXTEND PRINT(.\list\m
                    -ain.lst) TABS(2) OBJECT(.\list\main.obj)

line level    source

   1          
   2          /*------------------------------------------------------------------*/
   3          /* --- STC MCU International Limited -------------------------------*/
   4          /* --- STC 1T Series MCU RC Demo -----------------------------------*/
   5          /* --- Mobile: (86)13922805190 -------------------------------------*/
   6          /* --- Fax: 86-0513-55012956,55012947,55012969 ---------------------*/
   7          /* --- Tel: 86-0513-55012928,55012929,55012966 ---------------------*/
   8          /* --- Web: www.GXWMCU.com -----------------------------------------*/
   9          /* --- QQ:  800003751 ----------------------------------------------*/
  10          /* If you want to use the program or the program referenced in the  */
  11          /* article, please specify in which data and procedures from STC    */
  12          /*------------------------------------------------------------------*/
  13          
  14          #include  <stdio.h>
  15          #include  "common.h"
*** WARNING C317 IN LINE 138 OF common.h: attempt to redefine macro 'NULL'
  16          #include  "driver/51/hw_gpioCtl51.h"
  17          #include  "core/51/delay.h"
  18          #include  "hal/pinCtl.h"
  19          #include  "hal/servoCommon.h"
  20          #include  "hal/serial.h"
  21          #include  "hal/timer.h"
  22          #include  "driver/51/hw_serial.h"
  23          #include  "driver/51/hw_timer.h"
  24          
  25          
  26          void tailAct(uint8 mode)
  27          {
  28   1      
  29   1        servoWrite(mode);
  30   1      
  31   1      }
  32          
  33          void setup()
  34          {
  35   1      
  36   1        HW_serialConfig(USART1, 115200ul);
  37   1        
  38   1        ServoDefaultInit();
  39   1        EA = 1;
  40   1        
  41   1        servoWrite(90);
  42   1      
  43   1        pinMode_common(MOTOR_LEFT_PIN_LEFT, OUTPUT);
  44   1        pinMode_common(MOTOR_LEFT_PIN_RIGHT, OUTPUT);
  45   1        pinMode_common(MOTOR_RIGHT_PIN_LEFT, OUTPUT);
  46   1        pinMode_common(MOTOR_RIGHT_PIN_RIGHT, OUTPUT);
  47   1      
  48   1        pinMode_common(LEFT_IR_PIN, INPUT_PULLUP);
  49   1        pinMode_common(RIGHT_IR_PIN, INPUT_PULLUP);
  50   1       
  51   1      }
  52          
  53          
C51 COMPILER V9.56.0.0   MAIN                                                              03/25/2019 21:43:25 PAGE 2   

  54          #if 1
  55          /******************** 主函数 **************************/
  56          void main(void)
  57          {
  58   1        
  59   1        uint8 leftIrStatus = 0;
  60   1        uint8 rightIrStatus = 0;
  61   1        uint8 uartData[10] = {0};
  62   1        uint8 i = 0;
  63   1      
  64   1        setup();
  65   1        tailAct(90);
  66   1        
  67   1        while(1)
  68   1        {
  69   2          
  70   2          while (1)
  71   2          {
  72   3            delay_ms(250);
  73   3      
  74   3            leftIrStatus = digitalRead_common(LEFT_IR_PIN);
  75   3            rightIrStatus = digitalRead_common(RIGHT_IR_PIN);
  76   3            TX1_write2buff(leftIrStatus + '0');
  77   3            TX1_write2buff(',');
  78   3            TX1_write2buff(rightIrStatus+ '0');
  79   3            TX1_write2buff(',');
  80   3            continue;
  81   3            
  82   3            if(COM1.RX_TimeOut > 0)   //超时计数
  83   3            {
  84   4              if(--COM1.RX_TimeOut == 0)
  85   4              {
  86   5                if(COM1.RX_Cnt > 0)
  87   5                {
  88   6                  for(i=0; i<COM1.RX_Cnt; i++){
  89   7                
  90   7                    
  91   7                    //TX1_write2buff(RX1_Buffer[i]);  //收到的数据原样返回
  92   7                  } 
  93   6                  
  94   6                  if(RX1_Buffer[0] < 0 || RX1_Buffer[0] > 180){
  95   7                  
  96   7                  }else{
  97   7                  
  98   7                    tailAct(RX1_Buffer[0]);
  99   7                    HW_GPIO_digitalWrite(MOTOR_LEFT_PIN_LEFT, RX1_Buffer[0]);
 100   7                    HW_GPIO_digitalWrite(MOTOR_LEFT_PIN_RIGHT, RX1_Buffer[0]);
 101   7                    HW_GPIO_digitalWrite(MOTOR_RIGHT_PIN_LEFT, RX1_Buffer[0]);
 102   7                    HW_GPIO_digitalWrite(MOTOR_RIGHT_PIN_LEFT, RX1_Buffer[0]);
 103   7                  }
 104   6                  
 105   6                }
 106   5                COM1.RX_Cnt = 0;
 107   5              }
 108   4            }
 109   3          }
 110   2          
 111   2        }
 112   1      }
 113          #endif
 114          
 115          #if 0
C51 COMPILER V9.56.0.0   MAIN                                                              03/25/2019 21:43:25 PAGE 3   

              /******************** 初始化函数 **************************/
              void setup(void) _task_ 0
              {
                
              
                HW_serialConfig(USART1, 115200ul);
                pinMode_common(LED_CTL_PIN, OUTPUT); 
                ServoDefaultInit();
                EA = 1;
                
              #if 0
                pinMode_common(MOTOR_LEFT_PIN_LEFT, OUTPUT);
                pinMode_common(MOTOR_LEFT_PIN_RIGHT, OUTPUT);
                pinMode_common(MOTOR_RIGHT_PIN_LEFT, OUTPUT);
                pinMode_common(MOTOR_RIGHT_PIN_RIGHT, OUTPUT);
              #endif
                
                pinMode_common(LEFT_IR_PIN, INPUT_PULLUP);
                pinMode_common(RIGHT_IR_PIN, INPUT_PULLUP);
              
                
                
                
                os_create_task(1);  //create thread_TailAction 
                os_create_task(2);  //create thread_CarRun
                os_delete_task(0);
              }
              
              void thread_TailAction() _task_ 1
              {
                uint16 angle = 90;
                servoWrite(angle);
                
                while(1)
                {
                  
                  angle = (90+36)%180;
                  servoWrite(angle);
                  delay_ms(250);
                  angle = (90-36)%180;
                  servoWrite(angle);
                  delay_ms(250);
              
                }
              }
              
              
              void thread_CarRun() _task_ 2
              {
                uint8 leftIrStatus = 0;
                uint8 rightIrStatus = 0;
                
                while(1)
                {
                  
                  leftIrStatus = digitalRead_common(LEFT_IR_PIN);
                  rightIrStatus = digitalRead_common(RIGHT_IR_PIN);
                  delay_ms(250);
                  printf("rightIrStatus = %d, leftIrStatus = %d\r\n",rightIrStatus, leftIrStatus);
                
                }
              }
C51 COMPILER V9.56.0.0   MAIN                                                              03/25/2019 21:43:25 PAGE 4   

              #endif
*** WARNING C294 IN LINE 82 OF main.c: unreachable code


MODULE INFORMATION:   STATIC OVERLAYABLE
   CODE SIZE        =    169    ----
   CONSTANT SIZE    =     10    ----
   XDATA SIZE       =     14      13
   PDATA SIZE       =   ----    ----
   DATA SIZE        =   ----    ----
   IDATA SIZE       =   ----    ----
   BIT SIZE         =   ----    ----
END OF MODULE INFORMATION.


C51 COMPILATION COMPLETE.  2 WARNING(S),  0 ERROR(S)
